Archive member included to satisfy reference by file (symbol)

c:/users/joshua/appdata/roaming/code/user/globalstorage/bmd.stm32-for-vscode/@xpack-dev-tools/arm-none-eabi-gcc/12.3.1-1.1.1/.content/bin/../lib/gcc/arm-none-eabi/12.3.1/../../../../arm-none-eabi/lib/thumb/v7e-m+fp/hard\libc_nano.a(libc_a-atexit.o)
                              c:/users/joshua/appdata/roaming/code/user/globalstorage/bmd.stm32-for-vscode/@xpack-dev-tools/arm-none-eabi-gcc/12.3.1-1.1.1/.content/bin/../lib/gcc/arm-none-eabi/12.3.1/../../../../arm-none-eabi/lib/thumb/v7e-m+fp/hard/crt0.o (atexit)
c:/users/joshua/appdata/roaming/code/user/globalstorage/bmd.stm32-for-vscode/@xpack-dev-tools/arm-none-eabi-gcc/12.3.1-1.1.1/.content/bin/../lib/gcc/arm-none-eabi/12.3.1/../../../../arm-none-eabi/lib/thumb/v7e-m+fp/hard\libc_nano.a(libc_a-exit.o)
                              c:/users/joshua/appdata/roaming/code/user/globalstorage/bmd.stm32-for-vscode/@xpack-dev-tools/arm-none-eabi-gcc/12.3.1-1.1.1/.content/bin/../lib/gcc/arm-none-eabi/12.3.1/../../../../arm-none-eabi/lib/thumb/v7e-m+fp/hard/crt0.o (exit)
c:/users/joshua/appdata/roaming/code/user/globalstorage/bmd.stm32-for-vscode/@xpack-dev-tools/arm-none-eabi-gcc/12.3.1-1.1.1/.content/bin/../lib/gcc/arm-none-eabi/12.3.1/../../../../arm-none-eabi/lib/thumb/v7e-m+fp/hard\libc_nano.a(libc_a-findfp.o)
                              c:/users/joshua/appdata/roaming/code/user/globalstorage/bmd.stm32-for-vscode/@xpack-dev-tools/arm-none-eabi-gcc/12.3.1-1.1.1/.content/bin/../lib/gcc/arm-none-eabi/12.3.1/../../../../arm-none-eabi/lib/thumb/v7e-m+fp/hard\libc_nano.a(libc_a-exit.o) (__stdio_exit_handler)
c:/users/joshua/appdata/roaming/code/user/globalstorage/bmd.stm32-for-vscode/@xpack-dev-tools/arm-none-eabi-gcc/12.3.1-1.1.1/.content/bin/../lib/gcc/arm-none-eabi/12.3.1/../../../../arm-none-eabi/lib/thumb/v7e-m+fp/hard\libc_nano.a(libc_a-fwalk.o)
                              c:/users/joshua/appdata/roaming/code/user/globalstorage/bmd.stm32-for-vscode/@xpack-dev-tools/arm-none-eabi-gcc/12.3.1-1.1.1/.content/bin/../lib/gcc/arm-none-eabi/12.3.1/../../../../arm-none-eabi/lib/thumb/v7e-m+fp/hard\libc_nano.a(libc_a-findfp.o) (_fwalk_sglue)
c:/users/joshua/appdata/roaming/code/user/globalstorage/bmd.stm32-for-vscode/@xpack-dev-tools/arm-none-eabi-gcc/12.3.1-1.1.1/.content/bin/../lib/gcc/arm-none-eabi/12.3.1/../../../../arm-none-eabi/lib/thumb/v7e-m+fp/hard\libc_nano.a(libc_a-sprintf.o)
                              build/main.o (sprintf)
c:/users/joshua/appdata/roaming/code/user/globalstorage/bmd.stm32-for-vscode/@xpack-dev-tools/arm-none-eabi-gcc/12.3.1-1.1.1/.content/bin/../lib/gcc/arm-none-eabi/12.3.1/../../../../arm-none-eabi/lib/thumb/v7e-m+fp/hard\libc_nano.a(libc_a-stdio.o)
                              c:/users/joshua/appdata/roaming/code/user/globalstorage/bmd.stm32-for-vscode/@xpack-dev-tools/arm-none-eabi-gcc/12.3.1-1.1.1/.content/bin/../lib/gcc/arm-none-eabi/12.3.1/../../../../arm-none-eabi/lib/thumb/v7e-m+fp/hard\libc_nano.a(libc_a-findfp.o) (__sread)
c:/users/joshua/appdata/roaming/code/user/globalstorage/bmd.stm32-for-vscode/@xpack-dev-tools/arm-none-eabi-gcc/12.3.1-1.1.1/.content/bin/../lib/gcc/arm-none-eabi/12.3.1/../../../../arm-none-eabi/lib/thumb/v7e-m+fp/hard\libc_nano.a(libc_a-memset.o)
                              c:/users/joshua/appdata/roaming/code/user/globalstorage/bmd.stm32-for-vscode/@xpack-dev-tools/arm-none-eabi-gcc/12.3.1-1.1.1/.content/bin/../lib/gcc/arm-none-eabi/12.3.1/../../../../arm-none-eabi/lib/thumb/v7e-m+fp/hard/crt0.o (memset)
c:/users/joshua/appdata/roaming/code/user/globalstorage/bmd.stm32-for-vscode/@xpack-dev-tools/arm-none-eabi-gcc/12.3.1-1.1.1/.content/bin/../lib/gcc/arm-none-eabi/12.3.1/../../../../arm-none-eabi/lib/thumb/v7e-m+fp/hard\libc_nano.a(libc_a-closer.o)
                              c:/users/joshua/appdata/roaming/code/user/globalstorage/bmd.stm32-for-vscode/@xpack-dev-tools/arm-none-eabi-gcc/12.3.1-1.1.1/.content/bin/../lib/gcc/arm-none-eabi/12.3.1/../../../../arm-none-eabi/lib/thumb/v7e-m+fp/hard\libc_nano.a(libc_a-stdio.o) (_close_r)
c:/users/joshua/appdata/roaming/code/user/globalstorage/bmd.stm32-for-vscode/@xpack-dev-tools/arm-none-eabi-gcc/12.3.1-1.1.1/.content/bin/../lib/gcc/arm-none-eabi/12.3.1/../../../../arm-none-eabi/lib/thumb/v7e-m+fp/hard\libc_nano.a(libc_a-reent.o)
                              c:/users/joshua/appdata/roaming/code/user/globalstorage/bmd.stm32-for-vscode/@xpack-dev-tools/arm-none-eabi-gcc/12.3.1-1.1.1/.content/bin/../lib/gcc/arm-none-eabi/12.3.1/../../../../arm-none-eabi/lib/thumb/v7e-m+fp/hard\libc_nano.a(libc_a-closer.o) (errno)
c:/users/joshua/appdata/roaming/code/user/globalstorage/bmd.stm32-for-vscode/@xpack-dev-tools/arm-none-eabi-gcc/12.3.1-1.1.1/.content/bin/../lib/gcc/arm-none-eabi/12.3.1/../../../../arm-none-eabi/lib/thumb/v7e-m+fp/hard\libc_nano.a(libc_a-impure.o)
[...]
Memory Configuration

Name             Origin             Length             Attributes
FLASH            0x08000000         0x00080000         xr
RAM1             0x20000008         0x0002fff8         xrw
RAM_SHARED       0x20030000         0x00002800         xrw
*default*        0x00000000         0xffffffff

Linker script and memory map

LOAD c:/users/joshua/appdata/roaming/code/user/globalstorage/bmd.stm32-for-vscode/@xpack-dev-tools/arm-none-eabi-gcc/12.3.1-1.1.1/.content/bin/../lib/gcc/arm-none-eabi/12.3.1/thumb/v7e-m+fp/hard/crti.o
LOAD c:/users/joshua/appdata/roaming/code/user/globalstorage/bmd.stm32-for-vscode/@xpack-dev-tools/arm-none-eabi-gcc/12.3.1-1.1.1/.content/bin/../lib/gcc/arm-none-eabi/12.3.1/thumb/v7e-m+fp/hard/crtbegin.o
LOAD c:/users/joshua/appdata/roaming/code/user/globalstorage/bmd.stm32-for-vscode/@xpack-dev-tools/arm-none-eabi-gcc/12.3.1-1.1.1/.content/bin/../lib/gcc/arm-none-eabi/12.3.1/../../../../arm-none-eabi/lib/thumb/v7e-m+fp/hard/crt0.o
LOAD build/gpio.o
LOAD build/lcd1602.o
LOAD build/main.o
LOAD build/memorymap.o
LOAD build/stm32wbxx_hal_msp.o
LOAD build/stm32wbxx_it.o
LOAD build/system_stm32wbxx.o
LOAD build/tim.o
LOAD build/usart.o
LOAD build/usb.o
LOAD build/stm32wbxx_hal.o
LOAD build/stm32wbxx_hal_cortex.o
LOAD build/stm32wbxx_hal_dma.o
LOAD build/stm32wbxx_hal_dma_ex.o
LOAD build/stm32wbxx_hal_exti.o
LOAD build/stm32wbxx_hal_flash.o
LOAD build/stm32wbxx_hal_flash_ex.o
LOAD build/stm32wbxx_hal_gpio.o
LOAD build/stm32wbxx_hal_hsem.o
LOAD build/stm32wbxx_hal_pcd.o
LOAD build/stm32wbxx_hal_pcd_ex.o
LOAD build/stm32wbxx_hal_pwr.o
LOAD build/stm32wbxx_hal_pwr_ex.o
LOAD build/stm32wbxx_hal_rcc.o
LOAD build/stm32wbxx_hal_rcc_ex.o
LOAD build/stm32wbxx_hal_tim.o
LOAD build/stm32wbxx_hal_tim_ex.o
LOAD build/stm32wbxx_hal_uart.o
LOAD build/stm32wbxx_hal_uart_ex.o
LOAD build/stm32wbxx_ll_rcc.o
LOAD build/stm32wbxx_ll_usb.o
LOAD build/startup_stm32wb55xx_cm4.o
LOAD c:/users/joshua/appdata/roaming/code/user/globalstorage/bmd.stm32-for-vscode/@xpack-dev-tools/arm-none-eabi-gcc/12.3.1-1.1.1/.content/bin/../lib/gcc/arm-none-eabi/12.3.1/../../../../arm-none-eabi/lib/thumb/v7e-m+fp/hard\libc_nano.a
LOAD c:/users/joshua/appdata/roaming/code/user/globalstorage/bmd.stm32-for-vscode/@xpack-dev-tools/arm-none-eabi-gcc/12.3.1-1.1.1/.content/bin/../lib/gcc/arm-none-eabi/12.3.1/../../../../arm-none-eabi/lib/thumb/v7e-m+fp/hard\libm.a
LOAD c:/users/joshua/appdata/roaming/code/user/globalstorage/bmd.stm32-for-vscode/@xpack-dev-tools/arm-none-eabi-gcc/12.3.1-1.1.1/.content/bin/../lib/gcc/arm-none-eabi/12.3.1/../../../../arm-none-eabi/lib/thumb/v7e-m+fp/hard\libnosys.a
START GROUP
LOAD c:/users/joshua/appdata/roaming/code/user/globalstorage/bmd.stm32-for-vscode/@xpack-dev-tools/arm-none-eabi-gcc/12.3.1-1.1.1/.content/bin/../lib/gcc/arm-none-eabi/12.3.1/thumb/v7e-m+fp/hard\libgcc.a
LOAD c:/users/joshua/appdata/roaming/code/user/globalstorage/bmd.stm32-for-vscode/@xpack-dev-tools/arm-none-eabi-gcc/12.3.1-1.1.1/.content/bin/../lib/gcc/arm-none-eabi/12.3.1/../../../../arm-none-eabi/lib/thumb/v7e-m+fp/hard\libc_nano.a
END GROUP
START GROUP
LOAD c:/users/joshua/appdata/roaming/code/user/globalstorage/bmd.stm32-for-vscode/@xpack-dev-tools/arm-none-eabi-gcc/12.3.1-1.1.1/.content/bin/../lib/gcc/arm-none-eabi/12.3.1/thumb/v7e-m+fp/hard\libgcc.a
LOAD c:/users/joshua/appdata/roaming/code/user/globalstorage/bmd.stm32-for-vscode/@xpack-dev-tools/arm-none-eabi-gcc/12.3.1-1.1.1/.content/bin/../lib/gcc/arm-none-eabi/12.3.1/../../../../arm-none-eabi/lib/thumb/v7e-m+fp/hard\libc_nano.a
END GROUP
LOAD c:/users/joshua/appdata/roaming/code/user/globalstorage/bmd.stm32-for-vscode/@xpack-dev-tools/arm-none-eabi-gcc/12.3.1-1.1.1/.content/bin/../lib/gcc/arm-none-eabi/12.3.1/thumb/v7e-m+fp/hard/crtend.o
LOAD c:/users/joshua/appdata/roaming/code/user/globalstorage/bmd.stm32-for-vscode/@xpack-dev-tools/arm-none-eabi-gcc/12.3.1-1.1.1/.content/bin/../lib/gcc/arm-none-eabi/12.3.1/thumb/v7e-m+fp/hard/crtn.o
                0x20030000                        _estack = 0x20030000
                0x00000200                        _Min_Heap_Size = 0x200
                0x00000400                        _Min_Stack_Size = 0x400

.isr_vector     0x08000000      0x13c
                0x08000000                        . = ALIGN (0x4)
 *(.isr_vector)
 .isr_vector    0x08000000      0x13c build/startup_stm32wb55xx_cm4.o
                0x08000000                g_pfnVectors
                0x0800013c                        . = ALIGN (0x4)

.text           0x08000140     0x4af8
                0x08000140                        . = ALIGN (0x4)
 *(.text)
 .text          0x08000140       0xa0 c:/users/joshua/appdata/roaming/code/user/globalstorage/bmd.stm32-for-vscode/@xpack-dev-tools/arm-none-eabi-gcc/12.3.1-1.1.1/.content/bin/../lib/gcc/arm-none-eabi/12.3.1/../../../../arm-none-eabi/lib/thumb/v7e-m+fp/hard\libc_nano.a(libc_a-memchr.o)
                0x08000140                memchr
 .text          0x080001e0      0x378 c:/users/joshua/appdata/roaming/code/user/globalstorage/bmd.stm32-for-vscode/@xpack-dev-tools/arm-none-eabi-gcc/12.3.1-1.1.1/.content/bin/../lib/gcc/arm-none-eabi/12.3.1/thumb/v7e-m+fp/hard\libgcc.a(_arm_addsubdf3.o)
                0x080001e0                __aeabi_drsub
                0x080001e8                __aeabi_dsub
                0x080001e8                __subdf3
                0x080001ec                __aeabi_dadd
                0x080001ec                __adddf3
                0x08000464                __floatunsidf
                0x08000464                __aeabi_ui2d
                0x08000484                __floatsidf
                0x08000484                __aeabi_i2d
                0x080004a8                __aeabi_f2d
                0x080004a8                __extendsfdf2
                0x080004ec                __floatundidf
                0x080004ec                __aeabi_ul2d
                0x080004fc                __floatdidf
                0x080004fc                __aeabi_l2d
 .text          0x08000558      0x424 c:/users/joshua/appdata/roaming/code/user/globalstorage/bmd.stm32-for-vscode/@xpack-dev-tools/arm-none-eabi-gcc/12.3.1-1.1.1/.content/bin/../lib/gcc/arm-none-eabi/12.3.1/thumb/v7e-m+fp/hard\libgcc.a(_arm_muldivdf3.o)
                0x08000558                __aeabi_dmul
                0x08000558                __muldf3
                0x080007ac                __divdf3
                0x080007ac                __aeabi_ddiv
 .text          0x0800097c       0x50 c:/users/joshua/appdata/roaming/code/user/globalstorage/bmd.stm32-for-vscode/@xpack-dev-tools/arm-none-eabi-gcc/12.3.1-1.1.1/.content/bin/../lib/gcc/arm-none-eabi/12.3.1/thumb/v7e-m+fp/hard\libgcc.a(_arm_fixdfsi.o)
                0x0800097c                __aeabi_d2iz
                0x0800097c                __fixdfsi
 .text          0x080009cc       0x40 c:/users/joshua/appdata/roaming/code/user/globalstorage/bmd.stm32-for-vscode/@xpack-dev-tools/arm-none-eabi-gcc/12.3.1-1.1.1/.content/bin/../lib/gcc/arm-none-eabi/12.3.1/thumb/v7e-m+fp/hard\libgcc.a(_arm_fixunsdfsi.o)
                0x080009cc                __aeabi_d2uiz
                0x080009cc                __fixunsdfsi
 .text          0x08000a0c       0xa0 c:/users/joshua/appdata/roaming/code/user/globalstorage/bmd.stm32-for-vscode/@xpack-dev-tools/arm-none-eabi-gcc/12.3.1-1.1.1/.content/bin/../lib/gcc/arm-none-eabi/12.3.1/thumb/v7e-m+fp/hard\libgcc.a(_arm_truncdfsf2.o)
                0x08000a0c                __truncdfsf2
                0x08000a0c                __aeabi_d2f
 .text          0x08000aac       0x30 c:/users/joshua/appdata/roaming/code/user/globalstorage/bmd.stm32-for-vscode/@xpack-dev-tools/arm-none-eabi-gcc/12.3.1-1.1.1/.content/bin/../lib/gcc/arm-none-eabi/12.3.1/thumb/v7e-m+fp/hard\libgcc.a(_aeabi_uldivmod.o)
                0x08000aac                __aeabi_uldivmod
 .text          0x08000adc        0x4 c:/users/joshua/appdata/roaming/code/user/globalstorage/bmd.stm32-for-vscode/@xpack-dev-tools/arm-none-eabi-gcc/12.3.1-1.1.1/.content/bin/../lib/gcc/arm-none-eabi/12.3.1/thumb/v7e-m+fp/hard\libgcc.a(_dvmd_tls.o)
                0x08000adc                __aeabi_idiv0
                0x08000adc                __aeabi_ldiv0
 *(.text*)
 .text.__do_global_dtors_aux
                0x08000ae0       0x24 c:/users/joshua/appdata/roaming/code/user/globalstorage/bmd.stm32-for-vscode/@xpack-dev-tools/arm-none-eabi-gcc/12.3.1-1.1.1/.content/bin/../lib/gcc/arm-none-eabi/12.3.1/thumb/v7e-m+fp/hard/crtbegin.o
 .text.frame_dummy
                0x08000b04       0x1c c:/users/joshua/appdata/roaming/code/user/globalstorage/bmd.stm32-for-vscode/@xpack-dev-tools/arm-none-eabi-gcc/12.3.1-1.1.1/.content/bin/../lib/gcc/arm-none-eabi/12.3.1/thumb/v7e-m+fp/hard/crtbegin.o
 .text.MX_GPIO_Init
                0x08000b20      0x124 build/gpio.o
                0x08000b20                MX_GPIO_Init
 .text.Delay_us
                0x08000c44       0x14 build/lcd1602.o
                0x08000c44                Delay_us
 .text.Delay_ms
                0x08000c58        0x8 build/lcd1602.o
                0x08000c58                Delay_ms
 .text.LCD_strobe
                0x08000c60       0x28 build/lcd1602.o
                0x08000c60                LCD_strobe
 .text.LCD_send_4bit
                0x08000c88       0x40 build/lcd1602.o
                0x08000c88                LCD_send_4bit
 .text.LCD_cmd_4bit
                0x08000cc8       0x24 build/lcd1602.o
                0x08000cc8                LCD_cmd_4bit
 .text.LCD_data_4bit
                0x08000cec       0x30 build/lcd1602.o
                0x08000cec                LCD_data_4bit
 .text.LCD_GotoXY
                0x08000d1c       0x14 build/lcd1602.o
                0x08000d1c                LCD_GotoXY
 .text.LCD_Init
                0x08000d30       0x40 build/lcd1602.o
                0x08000d30                LCD_Init
 .text.LCD_Cls  0x08000d70       0x1c build/lcd1602.o
                0x08000d70                LCD_Cls
 .text.LCD_Print
                0x08000d8c       0x14 build/lcd1602.o
                0x08000d8c                LCD_Print
 .text.WaitForLow
                0x08000da0       0x28 build/main.o
                0x08000da0                WaitForLow
 .text.WaitForHigh
                0x08000dc8       0x2c build/main.o
                0x08000dc8                WaitForHigh
 .text.DHT11_SendStartSignal
                0x08000df4       0x60 build/main.o
                0x08000df4                DHT11_SendStartSignal
 .text.DHT11_ReadByte
                0x08000e54       0x50 build/main.o
                0x08000e54                DHT11_ReadByte
 .text.NumButtonPress
                0x08000ea4       0x30 build/main.o
                0x08000ea4                NumButtonPress
 .text.HAL_GPIO_EXTI_Callback
                0x08000ed4      0x3a8 build/main.o
                0x08000ed4                HAL_GPIO_EXTI_Callback
 .text.Error_Handler
                0x0800127c        0x4 build/main.o
                0x0800127c                Error_Handler
 .text.SystemClock_Config
                0x08001280       0xbc build/main.o
                0x08001280                SystemClock_Config
 .text.PeriphCommonClock_Config
                0x0800133c       0x26 build/main.o
                0x0800133c                PeriphCommonClock_Config
 *fill*         0x08001362        0x6 
 .text.main     0x08001368      0x260 build/main.o
                0x08001368                main
 .text.MX_MEMORYMAP_Init
                0x080015c8        0x2 build/memorymap.o
                0x080015c8                MX_MEMORYMAP_Init
 .text.HAL_MspInit
                0x080015ca        0x2 build/stm32wbxx_hal_msp.o
                0x080015ca                HAL_MspInit
 .text.NMI_Handler
                0x080015cc        0x2 build/stm32wbxx_it.o
                0x080015cc                NMI_Handler
 .text.HardFault_Handler
                0x080015ce        0x2 build/stm32wbxx_it.o
                0x080015ce                HardFault_Handler
 .text.MemManage_Handler
                0x080015d0        0x2 build/stm32wbxx_it.o
                0x080015d0                MemManage_Handler
 .text.BusFault_Handler
                0x080015d2        0x2 build/stm32wbxx_it.o
                0x080015d2                BusFault_Handler
 .text.UsageFault_Handler
                0x080015d4        0x2 build/stm32wbxx_it.o
                0x080015d4                UsageFault_Handler
 .text.SVC_Handler
                0x080015d6        0x2 build/stm32wbxx_it.o
                0x080015d6                SVC_Handler
 .text.DebugMon_Handler
                0x080015d8        0x2 build/stm32wbxx_it.o
                0x080015d8                DebugMon_Handler
 .text.PendSV_Handler
                0x080015da        0x2 build/stm32wbxx_it.o
                0x080015da                PendSV_Handler
 .text.SysTick_Handler
                0x080015dc        0x8 build/stm32wbxx_it.o
                0x080015dc                SysTick_Handler
 .text.EXTI9_5_IRQHandler
                0x080015e4       0x20 build/stm32wbxx_it.o
                0x080015e4                EXTI9_5_IRQHandler
 .text.SystemInit
                0x08001604       0x64 build/system_stm32wbxx.o
                0x08001604                SystemInit
 .text.MX_TIM2_Init
                0x08001668       0x70 build/tim.o
                0x08001668                MX_TIM2_Init
 .text.HAL_TIM_Base_MspInit
                0x080016d8       0x48 build/tim.o
                0x080016d8                HAL_TIM_Base_MspInit
 .text.HAL_TIM_MspPostInit
                0x08001720       0x54 build/tim.o
                0x08001720                HAL_TIM_MspPostInit
 .text.MX_TIM16_Init
                0x08001774       0xa8 build/tim.o
                0x08001774                MX_TIM16_Init
 .text.MX_USART1_UART_Init
                0x0800181c       0x68 build/usart.o
                0x0800181c                MX_USART1_UART_Init
 .text.HAL_UART_MspInit
                0x08001884       0x88 build/usart.o
                0x08001884                HAL_UART_MspInit
 .text.MX_USB_PCD_Init
                0x0800190c       0x34 build/usb.o
                0x0800190c                MX_USB_PCD_Init
 .text.HAL_PCD_MspInit
                0x08001940       0xa8 build/usb.o
                0x08001940                HAL_PCD_MspInit
 .text.HAL_InitTick
                0x080019e8       0x50 build/stm32wbxx_hal.o
                0x080019e8                HAL_InitTick
 .text.HAL_Init
                0x08001a38       0x2c build/stm32wbxx_hal.o
                0x08001a38                HAL_Init
 .text.HAL_IncTick
                0x08001a64       0x18 build/stm32wbxx_hal.o
                0x08001a64                HAL_IncTick
 .text.HAL_GetTick
                0x08001a7c        0xc build/stm32wbxx_hal.o
                0x08001a7c                HAL_GetTick
 .text.HAL_GetTickPrio
                0x08001a88        0xc build/stm32wbxx_hal.o
                0x08001a88                HAL_GetTickPrio
 .text.HAL_Delay
                0x08001a94       0x28 build/stm32wbxx_hal.o
                0x08001a94                HAL_Delay
 .text.__NVIC_EnableIRQ
                0x08001abc       0x1c build/stm32wbxx_hal_cortex.o
 .text.__NVIC_SetPriority
                0x08001ad8       0x28 build/stm32wbxx_hal_cortex.o
 .text.NVIC_EncodePriority
                0x08001b00       0x3e build/stm32wbxx_hal_cortex.o
 *fill*         0x08001b3e        0x2 
 .text.HAL_NVIC_SetPriorityGrouping
                0x08001b40       0x24 build/stm32wbxx_hal_cortex.o
                0x08001b40                HAL_NVIC_SetPriorityGrouping
 .text.HAL_NVIC_SetPriority
                0x08001b64       0x20 build/stm32wbxx_hal_cortex.o
                0x08001b64                HAL_NVIC_SetPriority
 .text.HAL_NVIC_EnableIRQ
                0x08001b84        0x8 build/stm32wbxx_hal_cortex.o
                0x08001b84                HAL_NVIC_EnableIRQ
 .text.HAL_SYSTICK_Config
                0x08001b8c       0x28 build/stm32wbxx_hal_cortex.o
                0x08001b8c                HAL_SYSTICK_Config
 .text.HAL_GPIO_Init
                0x08001bb4      0x1b4 build/stm32wbxx_hal_gpio.o
                0x08001bb4                HAL_GPIO_Init
 .text.HAL_GPIO_ReadPin
                0x08001d68        0xe build/stm32wbxx_hal_gpio.o
                0x08001d68                HAL_GPIO_ReadPin
 .text.HAL_GPIO_WritePin
                0x08001d76        0xa build/stm32wbxx_hal_gpio.o
                0x08001d76                HAL_GPIO_WritePin
 .text.HAL_GPIO_EXTI_IRQHandler
                0x08001d80       0x1c build/stm32wbxx_hal_gpio.o
                0x08001d80                HAL_GPIO_EXTI_IRQHandler
 .text.HAL_PCD_Init
                0x08001d9c       0xdc build/stm32wbxx_hal_pcd.o
                0x08001d9c                HAL_PCD_Init
 .text.HAL_PCDEx_ActivateLPM
                0x08001e78       0x2c build/stm32wbxx_hal_pcd_ex.o
                0x08001e78                HAL_PCDEx_ActivateLPM
 .text.HAL_PWR_EnableBkUpAccess
                0x08001ea4       0x10 build/stm32wbxx_hal_pwr.o
                0x08001ea4                HAL_PWR_EnableBkUpAccess
 .text.HAL_PWREx_GetVoltageRange
                0x08001eb4       0x10 build/stm32wbxx_hal_pwr_ex.o
                0x08001eb4                HAL_PWREx_GetVoltageRange
 .text.RCC_SetFlashLatency
                0x08001ec4       0xc0 build/stm32wbxx_hal_rcc.o
 .text.RCC_SetFlashLatencyFromMSIRange
                0x08001f84       0x4c build/stm32wbxx_hal_rcc.o
 .text.HAL_RCC_GetSysClockFreq
                0x08001fd0       0xc0 build/stm32wbxx_hal_rcc.o
                0x08001fd0                HAL_RCC_GetSysClockFreq
 .text.HAL_RCC_GetHCLKFreq
                0x08002090       0x20 build/stm32wbxx_hal_rcc.o
                0x08002090                HAL_RCC_GetHCLKFreq
 .text.HAL_RCC_OscConfig
                0x080020b0      0x718 build/stm32wbxx_hal_rcc.o
                0x080020b0                HAL_RCC_OscConfig
 .text.HAL_RCC_ClockConfig
                0x080027c8      0x264 build/stm32wbxx_hal_rcc.o
                0x080027c8                HAL_RCC_ClockConfig
 .text.HAL_RCC_GetPCLK1Freq
                0x08002a2c       0x24 build/stm32wbxx_hal_rcc.o
                0x08002a2c                HAL_RCC_GetPCLK1Freq
 .text.HAL_RCC_GetPCLK2Freq
                0x08002a50       0x24 build/stm32wbxx_hal_rcc.o
                0x08002a50                HAL_RCC_GetPCLK2Freq
 .text.LL_RCC_SetI2CClockSource
                0x08002a74       0x20 build/stm32wbxx_hal_rcc_ex.o
 .text.RCCEx_PLLSAI1_ConfigNP
                0x08002a94       0x8e build/stm32wbxx_hal_rcc_ex.o
 .text.RCCEx_PLLSAI1_ConfigNQ
                0x08002b22       0x8e build/stm32wbxx_hal_rcc_ex.o
 .text.RCCEx_PLLSAI1_ConfigNR
                0x08002bb0       0x8e build/stm32wbxx_hal_rcc_ex.o
 .text.HAL_RCCEx_PeriphCLKConfig
                0x08002c3e      0x2f2 build/stm32wbxx_hal_rcc_ex.o
                0x08002c3e                HAL_RCCEx_PeriphCLKConfig
 .text.HAL_RCCEx_EnableMSIPLLMode
                0x08002f30        0xe build/stm32wbxx_hal_rcc_ex.o
                0x08002f30                HAL_RCCEx_EnableMSIPLLMode
 *fill*         0x08002f3e        0x2 
 .text.TIM_OC1_SetConfig
                0x08002f40       0x7c build/stm32wbxx_hal_tim.o
 .text.TIM_OC3_SetConfig
                0x08002fbc       0x70 build/stm32wbxx_hal_tim.o
 .text.TIM_OC4_SetConfig
                0x0800302c       0x5c build/stm32wbxx_hal_tim.o
 .text.TIM_OC5_SetConfig
                0x08003088       0x58 build/stm32wbxx_hal_tim.o
 .text.TIM_OC6_SetConfig
                0x080030e0       0x5c build/stm32wbxx_hal_tim.o
 .text.TIM_TI1_ConfigInputStage
                0x0800313c       0x26 build/stm32wbxx_hal_tim.o
 .text.TIM_TI2_ConfigInputStage
                0x08003162       0x28 build/stm32wbxx_hal_tim.o
 .text.TIM_ITRx_SetConfig
                0x0800318a       0x14 build/stm32wbxx_hal_tim.o
 *fill*         0x0800319e        0x2 
 .text.HAL_TIM_Base_Start
                0x080031a0       0x5c build/stm32wbxx_hal_tim.o
                0x080031a0                HAL_TIM_Base_Start
 .text.HAL_TIM_PWM_MspInit
                0x080031fc        0x2 build/stm32wbxx_hal_tim.o
                0x080031fc                HAL_TIM_PWM_MspInit
 *fill*         0x080031fe        0x2 
 .text.TIM_Base_SetConfig
                0x08003200       0x70 build/stm32wbxx_hal_tim.o
                0x08003200                TIM_Base_SetConfig
 .text.HAL_TIM_Base_Init
                0x08003270       0x60 build/stm32wbxx_hal_tim.o
                0x08003270                HAL_TIM_Base_Init
 .text.HAL_TIM_PWM_Init
                0x080032d0       0x60 build/stm32wbxx_hal_tim.o
                0x080032d0                HAL_TIM_PWM_Init
 .text.TIM_OC2_SetConfig
                0x08003330       0x74 build/stm32wbxx_hal_tim.o
                0x08003330                TIM_OC2_SetConfig
 .text.HAL_TIM_PWM_ConfigChannel
                0x080033a4      0x13a build/stm32wbxx_hal_tim.o
                0x080033a4                HAL_TIM_PWM_ConfigChannel
 .text.TIM_ETR_SetConfig
                0x080034de       0x1a build/stm32wbxx_hal_tim.o
                0x080034de                TIM_ETR_SetConfig
 .text.HAL_TIM_ConfigClockSource
                0x080034f8      0x100 build/stm32wbxx_hal_tim.o
                0x080034f8                HAL_TIM_ConfigClockSource
 .text.TIM_CCxChannelCmd
                0x080035f8       0x1e build/stm32wbxx_hal_tim.o
                0x080035f8                TIM_CCxChannelCmd
 *fill*         0x08003616        0x2 
 .text.HAL_TIM_PWM_Start
                0x08003618      0x130 build/stm32wbxx_hal_tim.o
                0x08003618                HAL_TIM_PWM_Start
 .text.HAL_TIMEx_MasterConfigSynchronization
                0x08003748       0x68 build/stm32wbxx_hal_tim_ex.o
                0x08003748                HAL_TIMEx_MasterConfigSynchronization
 .text.HAL_TIMEx_ConfigBreakDeadTime
                0x080037b0       0xa0 build/stm32wbxx_hal_tim_ex.o
                0x080037b0                HAL_TIMEx_ConfigBreakDeadTime
 .text.UART_EndRxTransfer
                0x08003850       0x56 build/stm32wbxx_hal_uart.o
 *fill*         0x080038a6        0x2 
 .text.UART_SetConfig
                0x080038a8      0x25c build/stm32wbxx_hal_uart.o
                0x080038a8                UART_SetConfig
 .text.UART_AdvFeatureConfig
                0x08003b04       0xca build/stm32wbxx_hal_uart.o
                0x08003b04                UART_AdvFeatureConfig
 .text.UART_WaitOnFlagUntilTimeout
                0x08003bce       0x96 build/stm32wbxx_hal_uart.o
                0x08003bce                UART_WaitOnFlagUntilTimeout
 .text.UART_CheckIdleState
                0x08003c64       0xca build/stm32wbxx_hal_uart.o
                0x08003c64                UART_CheckIdleState
 .text.HAL_UART_Init
                0x08003d2e       0x66 build/stm32wbxx_hal_uart.o
                0x08003d2e                HAL_UART_Init
 .text.UARTEx_SetNbDataToProcess
                0x08003d94       0x4c build/stm32wbxx_hal_uart_ex.o
 .text.HAL_UARTEx_DisableFifoMode
                0x08003de0       0x3e build/stm32wbxx_hal_uart_ex.o
                0x08003de0                HAL_UARTEx_DisableFifoMode
 .text.HAL_UARTEx_SetTxFifoThreshold
                0x08003e1e       0x4a build/stm32wbxx_hal_uart_ex.o
                0x08003e1e                HAL_UARTEx_SetTxFifoThreshold
 .text.HAL_UARTEx_SetRxFifoThreshold
                0x08003e68       0x4a build/stm32wbxx_hal_uart_ex.o
                0x08003e68                HAL_UARTEx_SetRxFifoThreshold
 .text.USB_DisableGlobalInt
                0x08003eb2       0x14 build/stm32wbxx_ll_usb.o
                0x08003eb2                USB_DisableGlobalInt
 .text.USB_DevInit
                0x08003ec6       0x22 build/stm32wbxx_ll_usb.o
                0x08003ec6                USB_DevInit
 .text.data_initializers
                0x08003ee8       0x18 build/startup_stm32wb55xx_cm4.o
 .text.Reset_Handler
                0x08003f00       0x58 build/startup_stm32wb55xx_cm4.o
                0x08003f00                Reset_Handler
 .text.Default_Handler
                0x08003f58        0x2 build/startup_stm32wb55xx_cm4.o
                0x08003f58                RTC_Alarm_IRQHandler
                0x08003f58                EXTI2_IRQHandler
                0x08003f58                TIM1_CC_IRQHandler
                0x08003f58                TSC_IRQHandler
                0x08003f58                USB_HP_IRQHandler
                0x08003f58                EXTI3_IRQHandler
                0x08003f58                LPTIM2_IRQHandler
                0x08003f58                I2C3_ER_IRQHandler
                0x08003f58                EXTI0_IRQHandler
                0x08003f58                FPU_IRQHandler
                0x08003f58                TIM1_UP_TIM16_IRQHandler
                0x08003f58                AES1_IRQHandler
                0x08003f58                SPI1_IRQHandler
                0x08003f58                PWR_SOTF_BLEACT_802ACT_RFPHASE_IRQHandler
                0x08003f58                DMA2_Channel2_IRQHandler
                0x08003f58                DMA1_Channel4_IRQHandler
                0x08003f58                ADC1_IRQHandler
                0x08003f58                PKA_IRQHandler
                0x08003f58                DMA1_Channel7_IRQHandler
                0x08003f58                LCD_IRQHandler
                0x08003f58                IPCC_C1_TX_IRQHandler
                0x08003f58                DMA2_Channel1_IRQHandler
                0x08003f58                QUADSPI_IRQHandler
                0x08003f58                I2C1_EV_IRQHandler
                0x08003f58                DMAMUX1_OVR_IRQHandler
                0x08003f58                DMA1_Channel6_IRQHandler
                0x08003f58                DMA2_Channel4_IRQHandler
                0x08003f58                RCC_IRQHandler
                0x08003f58                DMA1_Channel1_IRQHandler
                0x08003f58                Default_Handler
                0x08003f58                DMA2_Channel7_IRQHandler
                0x08003f58                EXTI15_10_IRQHandler
                0x08003f58                IPCC_C1_RX_IRQHandler
                0x08003f58                C2SEV_PWR_C2H_IRQHandler
                0x08003f58                AES2_IRQHandler
                0x08003f58                I2C3_EV_IRQHandler
                0x08003f58                RTC_WKUP_IRQHandler
                0x08003f58                PVD_PVM_IRQHandler
                0x08003f58                SPI2_IRQHandler
                0x08003f58                DMA2_Channel5_IRQHandler
                0x08003f58                CRS_IRQHandler
                0x08003f58                DMA1_Channel5_IRQHandler
                0x08003f58                USB_LP_IRQHandler
                0x08003f58                EXTI4_IRQHandler
                0x08003f58                RNG_IRQHandler
                0x08003f58                TIM1_TRG_COM_TIM17_IRQHandler
                0x08003f58                TAMP_STAMP_LSECSS_IRQHandler
                0x08003f58                DMA1_Channel3_IRQHandler
                0x08003f58                COMP_IRQHandler
                0x08003f58                HSEM_IRQHandler
                0x08003f58                WWDG_IRQHandler
                0x08003f58                LPUART1_IRQHandler
                0x08003f58                DMA2_Channel6_IRQHandler
                0x08003f58                TIM2_IRQHandler
                0x08003f58                TIM1_BRK_IRQHandler
                0x08003f58                EXTI1_IRQHandler
                0x08003f58                DMA1_Channel2_IRQHandler
                0x08003f58                FLASH_IRQHandler
                0x08003f58                USART1_IRQHandler
                0x08003f58                I2C1_ER_IRQHandler
                0x08003f58                LPTIM1_IRQHandler
                0x08003f58                SAI1_IRQHandler
                0x08003f58                DMA2_Channel3_IRQHandler
 *fill*         0x08003f5a        0x2 
 .text.sprintf  0x08003f5c       0x40 c:/users/joshua/appdata/roaming/code/user/globalstorage/bmd.stm32-for-vscode/@xpack-dev-tools/arm-none-eabi-gcc/12.3.1-1.1.1/.content/bin/../lib/gcc/arm-none-eabi/12.3.1/../../../../arm-none-eabi/lib/thumb/v7e-m+fp/hard\libc_nano.a(libc_a-sprintf.o)
                0x08003f5c                siprintf
                0x08003f5c                sprintf
 .text.memset   0x08003f9c       0x10 c:/users/joshua/appdata/roaming/code/user/globalstorage/bmd.stm32-for-vscode/@xpack-dev-tools/arm-none-eabi-gcc/12.3.1-1.1.1/.content/bin/../lib/gcc/arm-none-eabi/12.3.1/../../../../arm-none-eabi/lib/thumb/v7e-m+fp/hard\libc_nano.a(libc_a-memset.o)
                0x08003f9c                memset
 .text.__libc_init_array
                0x08003fac       0x48 c:/users/joshua/appdata/roaming/code/user/globalstorage/bmd.stm32-for-vscode/@xpack-dev-tools/arm-none-eabi-gcc/12.3.1-1.1.1/.content/bin/../lib/gcc/arm-none-eabi/12.3.1/../../../../arm-none-eabi/lib/thumb/v7e-m+fp/hard\libc_nano.a(libc_a-init.o)
                0x08003fac                __libc_init_array
 .text.__retarget_lock_acquire_recursive
                0x08003ff4        0x2 c:/users/joshua/appdata/roaming/code/user/globalstorage/bmd.stm32-for-vscode/@xpack-dev-tools/arm-none-eabi-gcc/12.3.1-1.1.1/.content/bin/../lib/gcc/arm-none-eabi/12.3.1/../../../../arm-none-eabi/lib/thumb/v7e-m+fp/hard\libc_nano.a(libc_a-lock.o)
                0x08003ff4                __retarget_lock_acquire_recursive
 .text.__retarget_lock_release_recursive
                0x08003ff6        0x2 c:/users/joshua/appdata/roaming/code/user/globalstorage/bmd.stm32-for-vscode/@xpack-dev-tools/arm-none-eabi-gcc/12.3.1-1.1.1/.content/bin/../lib/gcc/arm-none-eabi/12.3.1/../../../../arm-none-eabi/lib/thumb/v7e-m+fp/hard\libc_nano.a(libc_a-lock.o)
                0x08003ff6                __retarget_lock_release_recursive
 .text._free_r  0x08003ff8       0x94 c:/users/joshua/appdata/roaming/code/user/globalstorage/bmd.stm32-for-vscode/@xpack-dev-tools/arm-none-eabi-gcc/12.3.1-1.1.1/.content/bin/../lib/gcc/arm-none-eabi/12.3.1/../../../../arm-none-eabi/lib/thumb/v7e-m+fp/hard\libc_nano.a(libc_a-freer.o)
                0x08003ff8                _free_r
 .text.sbrk_aligned
                0x0800408c       0x44 c:/users/joshua/appdata/roaming/code/user/globalstorage/bmd.stm32-for-vscode/@xpack-dev-tools/arm-none-eabi-gcc/12.3.1-1.1.1/.content/bin/../lib/gcc/arm-none-eabi/12.3.1/../../../../arm-none-eabi/lib/thumb/v7e-m+fp/hard\libc_nano.a(libc_a-mallocr.o)
 .text._malloc_r
                0x080040d0      0x100 c:/users/joshua/appdata/roaming/code/user/globalstorage/bmd.stm32-for-vscode/@xpack-dev-tools/arm-none-eabi-gcc/12.3.1-1.1.1/.content/bin/../lib/gcc/arm-none-eabi/12.3.1/../../../../arm-none-eabi/lib/thumb/v7e-m+fp/hard\libc_nano.a(libc_a-mallocr.o)
                0x080040d0                _malloc_r
 .text.__malloc_lock
                0x080041d0        0xc c:/users/joshua/appdata/roaming/code/user/globalstorage/bmd.stm32-for-vscode/@xpack-dev-tools/arm-none-eabi-gcc/12.3.1-1.1.1/.content/bin/../lib/gcc/arm-none-eabi/12.3.1/../../../../arm-none-eabi/lib/thumb/v7e-m+fp/hard\libc_nano.a(libc_a-mlock.o)
                0x080041d0                __malloc_lock
 .text.__malloc_unlock
                0x080041dc        0xc c:/users/joshua/appdata/roaming/code/user/globalstorage/bmd.stm32-for-vscode/@xpack-dev-tools/arm-none-eabi-gcc/12.3.1-1.1.1/.content/bin/../lib/gcc/arm-none-eabi/12.3.1/../../../../arm-none-eabi/lib/thumb/v7e-m+fp/hard\libc_nano.a(libc_a-mlock.o)
                0x080041dc                __malloc_unlock
 .text.__ssputs_r
                0x080041e8       0xb6 c:/users/joshua/appdata/roaming/code/user/globalstorage/bmd.stm32-for-vscode/@xpack-dev-tools/arm-none-eabi-gcc/12.3.1-1.1.1/.content/bin/../lib/gcc/arm-none-eabi/12.3.1/../../../../arm-none-eabi/lib/thumb/v7e-m+fp/hard\libc_nano.a(libc_a-nano-svfprintf.o)
                0x080041e8                __ssputs_r
 *fill*         0x0800429e        0x2 
 .text._svfprintf_r
                0x080042a0      0x1f8 c:/users/joshua/appdata/roaming/code/user/globalstorage/bmd.stm32-for-vscode/@xpack-dev-tools/arm-none-eabi-gcc/12.3.1-1.1.1/.content/bin/../lib/gcc/arm-none-eabi/12.3.1/../../../../arm-none-eabi/lib/thumb/v7e-m+fp/hard\libc_nano.a(libc_a-nano-svfprintf.o)
                0x080042a0                _svfiprintf_r
                0x080042a0                _svfprintf_r
 .text._printf_common
                0x08004498       0xda c:/users/joshua/appdata/roaming/code/user/globalstorage/bmd.stm32-for-vscode/@xpack-dev-tools/arm-none-eabi-gcc/12.3.1-1.1.1/.content/bin/../lib/gcc/arm-none-eabi/12.3.1/../../../../arm-none-eabi/lib/thumb/v7e-m+fp/hard\libc_nano.a(libc_a-nano-vfprintf_i.o)
                0x08004498                _printf_common
 *fill*         0x08004572        0x2 
 .text._printf_i
                0x08004574      0x258 c:/users/joshua/appdata/roaming/code/user/globalstorage/bmd.stm32-for-vscode/@xpack-dev-tools/arm-none-eabi-gcc/12.3.1-1.1.1/.content/bin/../lib/gcc/arm-none-eabi/12.3.1/../../../../arm-none-eabi/lib/thumb/v7e-m+fp/hard\libc_nano.a(libc_a-nano-vfprintf_i.o)
                0x08004574                _printf_i
 .text.memmove  0x080047cc       0x34 c:/users/joshua/appdata/roaming/code/user/globalstorage/bmd.stm32-for-vscode/@xpack-dev-tools/arm-none-eabi-gcc/12.3.1-1.1.1/.content/bin/../lib/gcc/arm-none-eabi/12.3.1/../../../../arm-none-eabi/lib/thumb/v7e-m+fp/hard\libc_nano.a(libc_a-memmove.o)
                0x080047cc                memmove
 .text._sbrk_r  0x08004800       0x20 c:/users/joshua/appdata/roaming/code/user/globalstorage/bmd.stm32-for-vscode/@xpack-dev-tools/arm-none-eabi-gcc/12.3.1-1.1.1/.content/bin/../lib/gcc/arm-none-eabi/12.3.1/../../../../arm-none-eabi/lib/thumb/v7e-m+fp/hard\libc_nano.a(libc_a-sbrkr.o)
                0x08004800                _sbrk_r
 .text.memcpy   0x08004820       0x1c c:/users/joshua/appdata/roaming/code/user/globalstorage/bmd.stm32-for-vscode/@xpack-dev-tools/arm-none-eabi-gcc/12.3.1-1.1.1/.content/bin/../lib/gcc/arm-none-eabi/12.3.1/../../../../arm-none-eabi/lib/thumb/v7e-m+fp/hard\libc_nano.a(libc_a-memcpy-stub.o)
                0x08004820                memcpy
 .text._realloc_r
                0x0800483c       0x5c c:/users/joshua/appdata/roaming/code/user/globalstorage/bmd.stm32-for-vscode/@xpack-dev-tools/arm-none-eabi-gcc/12.3.1-1.1.1/.content/bin/../lib/gcc/arm-none-eabi/12.3.1/../../../../arm-none-eabi/lib/thumb/v7e-m+fp/hard\libc_nano.a(libc_a-reallocr.o)
                0x0800483c                _realloc_r
 .text._malloc_usable_size_r
                0x08004898       0x10 c:/users/joshua/appdata/roaming/code/user/globalstorage/bmd.stm32-for-vscode/@xpack-dev-tools/arm-none-eabi-gcc/12.3.1-1.1.1/.content/bin/../lib/gcc/arm-none-eabi/12.3.1/../../../../arm-none-eabi/lib/thumb/v7e-m+fp/hard\libc_nano.a(libc_a-msizer.o)
                0x08004898                _malloc_usable_size_r
 .text.round    0x080048a8       0xa0 c:/users/joshua/appdata/roaming/code/user/globalstorage/bmd.stm32-for-vscode/@xpack-dev-tools/arm-none-eabi-gcc/12.3.1-1.1.1/.content/bin/../lib/gcc/arm-none-eabi/12.3.1/../../../../arm-none-eabi/lib/thumb/v7e-m+fp/hard\libm.a(libm_a-s_round.o)
                0x080048a8                round
 .text._sbrk    0x08004948       0x1c c:/users/joshua/appdata/roaming/code/user/globalstorage/bmd.stm32-for-vscode/@xpack-dev-tools/arm-none-eabi-gcc/12.3.1-1.1.1/.content/bin/../lib/gcc/arm-none-eabi/12.3.1/../../../../arm-none-eabi/lib/thumb/v7e-m+fp/hard\libnosys.a(sbrk.o)
                0x08004948                _sbrk
 .text.__udivmoddi4
                0x08004964      0x2bc c:/users/joshua/appdata/roaming/code/user/globalstorage/bmd.stm32-for-vscode/@xpack-dev-tools/arm-none-eabi-gcc/12.3.1-1.1.1/.content/bin/../lib/gcc/arm-none-eabi/12.3.1/thumb/v7e-m+fp/hard\libgcc.a(_udivmoddi4.o)
                0x08004964                __udivmoddi4
 *(.glue_7)
 .glue_7        0x08004c20        0x0 linker stubs
 *(.glue_7t)
 .glue_7t       0x08004c20        0x0 linker stubs
 *(.eh_frame)
 .eh_frame      0x08004c20        0x0 c:/users/joshua/appdata/roaming/code/user/globalstorage/bmd.stm32-for-vscode/@xpack-dev-tools/arm-none-eabi-gcc/12.3.1-1.1.1/.content/bin/../lib/gcc/arm-none-eabi/12.3.1/thumb/v7e-m+fp/hard/crtbegin.o
 *(.init)
 .init          0x08004c20        0x4 c:/users/joshua/appdata/roaming/code/user/globalstorage/bmd.stm32-for-vscode/@xpack-dev-tools/arm-none-eabi-gcc/12.3.1-1.1.1/.content/bin/../lib/gcc/arm-none-eabi/12.3.1/thumb/v7e-m+fp/hard/crti.o
                0x08004c20                _init
 .init          0x08004c24        0x8 c:/users/joshua/appdata/roaming/code/user/globalstorage/bmd.stm32-for-vscode/@xpack-dev-tools/arm-none-eabi-gcc/12.3.1-1.1.1/.content/bin/../lib/gcc/arm-none-eabi/12.3.1/thumb/v7e-m+fp/hard/crtn.o
 *(.fini)
 .fini          0x08004c2c        0x4 c:/users/joshua/appdata/roaming/code/user/globalstorage/bmd.stm32-for-vscode/@xpack-dev-tools/arm-none-eabi-gcc/12.3.1-1.1.1/.content/bin/../lib/gcc/arm-none-eabi/12.3.1/thumb/v7e-m+fp/hard/crti.o
                0x08004c2c                _fini
 .fini          0x08004c30        0x8 c:/users/joshua/appdata/roaming/code/user/globalstorage/bmd.stm32-for-vscode/@xpack-dev-tools/arm-none-eabi-gcc/12.3.1-1.1.1/.content/bin/../lib/gcc/arm-none-eabi/12.3.1/thumb/v7e-m+fp/hard/crtn.o
                0x08004c38                        . = ALIGN (0x4)
                0x08004c38                        _etext = .

.vfp11_veneer   0x08004c38        0x0
 .vfp11_veneer  0x08004c38        0x0 linker stubs

.v4_bx          0x08004c38        0x0
 .v4_bx         0x08004c38        0x0 linker stubs

.iplt           0x08004c38        0x0
 .iplt          0x08004c38        0x0 c:/users/joshua/appdata/roaming/code/user/globalstorage/bmd.stm32-for-vscode/@xpack-dev-tools/arm-none-eabi-gcc/12.3.1-1.1.1/.content/bin/../lib/gcc/arm-none-eabi/12.3.1/thumb/v7e-m+fp/hard/crtbegin.o

.rodata         0x08004c38      0x15c
                0x08004c38                        . = ALIGN (0x4)
 *(.rodata)
 .rodata        0x08004c38       0x2c build/stm32wbxx_hal_rcc.o
 *(.rodata*)
 .rodata.main.str1.4
                0x08004c64       0x34 build/main.o
 .rodata.MSIRangeTable
                0x08004c98       0x40 build/system_stm32wbxx.o
                0x08004c98                MSIRangeTable
 .rodata.APBPrescTable
                0x08004cd8       0x20 build/system_stm32wbxx.o
                0x08004cd8                APBPrescTable
 .rodata.AHBPrescTable
                0x08004cf8       0x40 build/system_stm32wbxx.o
                0x08004cf8                AHBPrescTable
 .rodata.UARTPrescTable
                0x08004d38       0x18 build/stm32wbxx_hal_uart.o
                0x08004d38                UARTPrescTable
 .rodata.denominator.0
                0x08004d50        0x8 build/stm32wbxx_hal_uart_ex.o
 .rodata.numerator.1
                0x08004d58        0x8 build/stm32wbxx_hal_uart_ex.o
 .rodata._svfprintf_r.str1.1
                0x08004d60       0x11 c:/users/joshua/appdata/roaming/code/user/globalstorage/bmd.stm32-for-vscode/@xpack-dev-tools/arm-none-eabi-gcc/12.3.1-1.1.1/.content/bin/../lib/gcc/arm-none-eabi/12.3.1/../../../../arm-none-eabi/lib/thumb/v7e-m+fp/hard\libc_nano.a(libc_a-nano-svfprintf.o)
 .rodata._printf_i.str1.1
                0x08004d71       0x22 c:/users/joshua/appdata/roaming/code/user/globalstorage/bmd.stm32-for-vscode/@xpack-dev-tools/arm-none-eabi-gcc/12.3.1-1.1.1/.content/bin/../lib/gcc/arm-none-eabi/12.3.1/../../../../arm-none-eabi/lib/thumb/v7e-m+fp/hard\libc_nano.a(libc_a-nano-vfprintf_i.o)
                0x08004d94                        . = ALIGN (0x4)
 *fill*         0x08004d93        0x1 

.ARM.extab
 *(.ARM.extab* .gnu.linkonce.armextab.*)

.ARM            0x08004d94        0x8
                0x08004d94                        __exidx_start = .
 *(.ARM.exidx*)
 .ARM.exidx     0x08004d94        0x8 c:/users/joshua/appdata/roaming/code/user/globalstorage/bmd.stm32-for-vscode/@xpack-dev-tools/arm-none-eabi-gcc/12.3.1-1.1.1/.content/bin/../lib/gcc/arm-none-eabi/12.3.1/../../../../arm-none-eabi/lib/thumb/v7e-m+fp/hard\libc_nano.a(libc_a-memchr.o)
 .ARM.exidx.text.__udivmoddi4
                0x08004d9c        0x0 c:/users/joshua/appdata/roaming/code/user/globalstorage/bmd.stm32-for-vscode/@xpack-dev-tools/arm-none-eabi-gcc/12.3.1-1.1.1/.content/bin/../lib/gcc/arm-none-eabi/12.3.1/thumb/v7e-m+fp/hard\libgcc.a(_udivmoddi4.o)
                                  0x8 (size before relaxing)
                0x08004d9c                        __exidx_end = .

.rel.dyn        0x08004d9c        0x0
 .rel.iplt      0x08004d9c        0x0 c:/users/joshua/appdata/roaming/code/user/globalstorage/bmd.stm32-for-vscode/@xpack-dev-tools/arm-none-eabi-gcc/12.3.1-1.1.1/.content/bin/../lib/gcc/arm-none-eabi/12.3.1/thumb/v7e-m+fp/hard/crtbegin.o

.preinit_array  0x08004d9c        0x0
                0x08004d9c                        PROVIDE (__preinit_array_start = .)
 *(.preinit_array*)
                0x08004d9c                        PROVIDE (__preinit_array_end = .)

.init_array     0x08004d9c        0x4
                0x08004d9c                        PROVIDE (__init_array_start = .)
 *(SORT_BY_NAME(.init_array.*))
 *(.init_array*)
 .init_array    0x08004d9c        0x4 c:/users/joshua/appdata/roaming/code/user/globalstorage/bmd.stm32-for-vscode/@xpack-dev-tools/arm-none-eabi-gcc/12.3.1-1.1.1/.content/bin/../lib/gcc/arm-none-eabi/12.3.1/thumb/v7e-m+fp/hard/crtbegin.o
                0x08004da0                        PROVIDE (__init_array_end = .)

.fini_array     0x08004da0        0x4
                0x08004da0                        PROVIDE (__fini_array_start = .)
 *(SORT_BY_NAME(.fini_array.*))
 *(.fini_array*)
 .fini_array    0x08004da0        0x4 c:/users/joshua/appdata/roaming/code/user/globalstorage/bmd.stm32-for-vscode/@xpack-dev-tools/arm-none-eabi-gcc/12.3.1-1.1.1/.content/bin/../lib/gcc/arm-none-eabi/12.3.1/thumb/v7e-m+fp/hard/crtbegin.o
                0x08004da4                        PROVIDE (__fini_array_end = .)
                0x08004da4                        _sidata = LOADADDR (.data)

.data           0x20000008       0x60 load address 0x08004da4
                0x20000008                        . = ALIGN (0x4)
                0x20000008                        _sdata = .
 *(.data)
 *(.data*)
 .data.fanSpinning
                0x20000008        0x1 build/main.o
                0x20000008                fanSpinning
 .data.setTemp  0x20000009        0x1 build/main.o
                0x20000009                setTemp
 *fill*         0x2000000a        0x2 
 .data.SystemCoreClock
                0x2000000c        0x4 build/system_stm32wbxx.o
                0x2000000c                SystemCoreClock
 .data.uwTickFreq
                0x20000010        0x1 build/stm32wbxx_hal.o
                0x20000010                uwTickFreq
 *fill*         0x20000011        0x3 
 .data.uwTickPrio
                0x20000014        0x4 build/stm32wbxx_hal.o
                0x20000014                uwTickPrio
 .data._impure_ptr
                0x20000018        0x4 c:/users/joshua/appdata/roaming/code/user/globalstorage/bmd.stm32-for-vscode/@xpack-dev-tools/arm-none-eabi-gcc/12.3.1-1.1.1/.content/bin/../lib/gcc/arm-none-eabi/12.3.1/../../../../arm-none-eabi/lib/thumb/v7e-m+fp/hard\libc_nano.a(libc_a-impure.o)
                0x20000018                _impure_ptr
 .data._impure_data
                0x2000001c       0x4c c:/users/joshua/appdata/roaming/code/user/globalstorage/bmd.stm32-for-vscode/@xpack-dev-tools/arm-none-eabi-gcc/12.3.1-1.1.1/.content/bin/../lib/gcc/arm-none-eabi/12.3.1/../../../../arm-none-eabi/lib/thumb/v7e-m+fp/hard\libc_nano.a(libc_a-impure.o)
                0x2000001c                _impure_data
                0x20000068                        . = ALIGN (0x4)
                0x20000068                        _edata = .

.igot.plt       0x20000068        0x0 load address 0x08004e04
 .igot.plt      0x20000068        0x0 c:/users/joshua/appdata/roaming/code/user/globalstorage/bmd.stm32-for-vscode/@xpack-dev-tools/arm-none-eabi-gcc/12.3.1-1.1.1/.content/bin/../lib/gcc/arm-none-eabi/12.3.1/thumb/v7e-m+fp/hard/crtbegin.o
                0x20000068                        . = ALIGN (0x4)

.bss            0x20000068      0x5b8 load address 0x08004e04
                0x20000068                        _sbss = .
                0x20000068                        __bss_start__ = _sbss
 *(.bss)
 *(.bss*)
 .bss.completed.1
                0x20000068        0x1 c:/users/joshua/appdata/roaming/code/user/globalstorage/bmd.stm32-for-vscode/@xpack-dev-tools/arm-none-eabi-gcc/12.3.1-1.1.1/.content/bin/../lib/gcc/arm-none-eabi/12.3.1/thumb/v7e-m+fp/hard/crtbegin.o
 *fill*         0x20000069        0x3 
 .bss.object.0  0x2000006c       0x18 c:/users/joshua/appdata/roaming/code/user/globalstorage/bmd.stm32-for-vscode/@xpack-dev-tools/arm-none-eabi-gcc/12.3.1-1.1.1/.content/bin/../lib/gcc/arm-none-eabi/12.3.1/thumb/v7e-m+fp/hard/crtbegin.o
 .bss.settingTemp
                0x20000084        0x1 build/main.o
                0x20000084                settingTemp
 .bss.keyPressed
                0x20000085        0x1 build/main.o
                0x20000085                keyPressed
 *fill*         0x20000086        0x2 
 .bss.previousReadTime
                0x20000088        0x4 build/main.o
                0x20000088                previousReadTime
 .bss.currentTimeInms
                0x2000008c        0x4 build/main.o
                0x2000008c                currentTimeInms
 .bss.previousTimeInms
                0x20000090        0x4 build/main.o
                0x20000090                previousTimeInms
 .bss.tempF     0x20000094        0x4 build/main.o
                0x20000094                tempF
 .bss.tempCDec  0x20000098        0x1 build/main.o
                0x20000098                tempCDec
 .bss.tempCInt  0x20000099        0x1 build/main.o
                0x20000099                tempCInt
 .bss.humDec    0x2000009a        0x1 build/main.o
                0x2000009a                humDec
 .bss.humInt    0x2000009b        0x1 build/main.o
                0x2000009b                humInt
 .bss.myGPIO_InitStruct
                0x2000009c       0x14 build/main.o
                0x2000009c                myGPIO_InitStruct
 .bss.htim16    0x200000b0       0x4c build/tim.o
                0x200000b0                htim16
 .bss.htim2     0x200000fc       0x4c build/tim.o
                0x200000fc                htim2
 .bss.huart1    0x20000148       0x94 build/usart.o
                0x20000148                huart1
 .bss.hpcd_USB_FS
                0x200001dc      0x2f4 build/usb.o
                0x200001dc                hpcd_USB_FS
 .bss.uwTick    0x200004d0        0x4 build/stm32wbxx_hal.o
                0x200004d0                uwTick
 .bss.__sf      0x200004d4      0x138 c:/users/joshua/appdata/roaming/code/user/globalstorage/bmd.stm32-for-vscode/@xpack-dev-tools/arm-none-eabi-gcc/12.3.1-1.1.1/.content/bin/../lib/gcc/arm-none-eabi/12.3.1/../../../../arm-none-eabi/lib/thumb/v7e-m+fp/hard\libc_nano.a(libc_a-findfp.o)
                0x200004d4                __sf
 .bss.errno     0x2000060c        0x4 c:/users/joshua/appdata/roaming/code/user/globalstorage/bmd.stm32-for-vscode/@xpack-dev-tools/arm-none-eabi-gcc/12.3.1-1.1.1/.content/bin/../lib/gcc/arm-none-eabi/12.3.1/../../../../arm-none-eabi/lib/thumb/v7e-m+fp/hard\libc_nano.a(libc_a-reent.o)
                0x2000060c                errno
 .bss.__lock___malloc_recursive_mutex
                0x20000610        0x1 c:/users/joshua/appdata/roaming/code/user/globalstorage/bmd.stm32-for-vscode/@xpack-dev-tools/arm-none-eabi-gcc/12.3.1-1.1.1/.content/bin/../lib/gcc/arm-none-eabi/12.3.1/../../../../arm-none-eabi/lib/thumb/v7e-m+fp/hard\libc_nano.a(libc_a-lock.o)
                0x20000610                __lock___malloc_recursive_mutex
 *fill*         0x20000611        0x3 
 .bss.__malloc_sbrk_start
                0x20000614        0x4 c:/users/joshua/appdata/roaming/code/user/globalstorage/bmd.stm32-for-vscode/@xpack-dev-tools/arm-none-eabi-gcc/12.3.1-1.1.1/.content/bin/../lib/gcc/arm-none-eabi/12.3.1/../../../../arm-none-eabi/lib/thumb/v7e-m+fp/hard\libc_nano.a(libc_a-mallocr.o)
                0x20000614                __malloc_sbrk_start
 .bss.__malloc_free_list
                0x20000618        0x4 c:/users/joshua/appdata/roaming/code/user/globalstorage/bmd.stm32-for-vscode/@xpack-dev-tools/arm-none-eabi-gcc/12.3.1-1.1.1/.content/bin/../lib/gcc/arm-none-eabi/12.3.1/../../../../arm-none-eabi/lib/thumb/v7e-m+fp/hard\libc_nano.a(libc_a-mallocr.o)
                0x20000618                __malloc_free_list
 .bss.heap_end.0
                0x2000061c        0x4 c:/users/joshua/appdata/roaming/code/user/globalstorage/bmd.stm32-for-vscode/@xpack-dev-tools/arm-none-eabi-gcc/12.3.1-1.1.1/.content/bin/../lib/gcc/arm-none-eabi/12.3.1/../../../../arm-none-eabi/lib/thumb/v7e-m+fp/hard\libnosys.a(sbrk.o)
 *(COMMON)
                0x20000620                        . = ALIGN (0x4)
                0x20000620                        _ebss = .
                0x20000620                        __bss_end__ = _ebss

._user_heap_stack
                0x20000620      0x600 load address 0x08004e04
                0x20000620                        . = ALIGN (0x8)
                0x20000620                        PROVIDE (end = .)
                [!provide]                        PROVIDE (_end = .)
                0x20000820                        . = (. + _Min_Heap_Size)
 *fill*         0x20000620      0x200 
                0x20000c20                        . = (. + _Min_Stack_Size)
 *fill*         0x20000820      0x400 
                0x20000c20                        . = ALIGN (0x8)

/DISCARD/
 libc.a(*)
 libm.a(*)
 libgcc.a(*)

.ARM.attributes
                0x00000000       0x30
 *(.ARM.attributes)
 .ARM.attributes
                0x00000000       0x22 c:/users/joshua/appdata/roaming/code/user/globalstorage/bmd.stm32-for-vscode/@xpack-dev-tools/arm-none-eabi-gcc/12.3.1-1.1.1/.content/bin/../lib/gcc/arm-none-eabi/12.3.1/thumb/v7e-m+fp/hard/crti.o
 .ARM.attributes
                0x00000022       0x34 c:/users/joshua/appdata/roaming/code/user/globalstorage/bmd.stm32-for-vscode/@xpack-dev-tools/arm-none-eabi-gcc/12.3.1-1.1.1/.content/bin/../lib/gcc/arm-none-eabi/12.3.1/thumb/v7e-m+fp/hard/crtbegin.o
 .ARM.attributes
                0x00000056       0x34 build/gpio.o
 .ARM.attributes
                0x0000008a       0x34 build/lcd1602.o
 .ARM.attributes
                0x000000be       0x34 build/main.o
 .ARM.attributes
                0x000000f2       0x34 build/memorymap.o
 .ARM.attributes
                0x00000126       0x34 build/stm32wbxx_hal_msp.o
 .ARM.attributes
                0x0000015a       0x34 build/stm32wbxx_it.o
 .ARM.attributes
                0x0000018e       0x34 build/system_stm32wbxx.o
 .ARM.attributes
                0x000001c2       0x34 build/tim.o
 .ARM.attributes
                0x000001f6       0x34 build/usart.o
 .ARM.attributes
                0x0000022a       0x34 build/usb.o
 .ARM.attributes
                0x0000025e       0x34 build/stm32wbxx_hal.o
 .ARM.attributes
                0x00000292       0x34 build/stm32wbxx_hal_cortex.o
 .ARM.attributes
                0x000002c6       0x34 build/stm32wbxx_hal_gpio.o
 .ARM.attributes
                0x000002fa       0x34 build/stm32wbxx_hal_pcd.o
 .ARM.attributes
                0x0000032e       0x34 build/stm32wbxx_hal_pcd_ex.o
 .ARM.attributes
                0x00000362       0x34 build/stm32wbxx_hal_pwr.o
 .ARM.attributes
                0x00000396       0x34 build/stm32wbxx_hal_pwr_ex.o
 .ARM.attributes
                0x000003ca       0x34 build/stm32wbxx_hal_rcc.o
 .ARM.attributes
                0x000003fe       0x34 build/stm32wbxx_hal_rcc_ex.o
 .ARM.attributes
                0x00000432       0x34 build/stm32wbxx_hal_tim.o
 .ARM.attributes
                0x00000466       0x34 build/stm32wbxx_hal_tim_ex.o
 .ARM.attributes
                0x0000049a       0x34 build/stm32wbxx_hal_uart.o
 .ARM.attributes
                0x000004ce       0x34 build/stm32wbxx_hal_uart_ex.o
 .ARM.attributes
                0x00000502       0x34 build/stm32wbxx_ll_usb.o
 .ARM.attributes
                0x00000536       0x21 build/startup_stm32wb55xx_cm4.o
 .ARM.attributes
                0x00000557       0x34 c:/users/joshua/appdata/roaming/code/user/globalstorage/bmd.stm32-for-vscode/@xpack-dev-tools/arm-none-eabi-gcc/12.3.1-1.1.1/.content/bin/../lib/gcc/arm-none-eabi/12.3.1/../../../../arm-none-eabi/lib/thumb/v7e-m+fp/hard\libc_nano.a(libc_a-findfp.o)
 .ARM.attributes
                0x0000058b       0x34 c:/users/joshua/appdata/roaming/code/user/globalstorage/bmd.stm32-for-vscode/@xpack-dev-tools/arm-none-eabi-gcc/12.3.1-1.1.1/.content/bin/../lib/gcc/arm-none-eabi/12.3.1/../../../../arm-none-eabi/lib/thumb/v7e-m+fp/hard\libc_nano.a(libc_a-sprintf.o)
 .ARM.attributes
                0x000005bf       0x34 c:/users/joshua/appdata/roaming/code/user/globalstorage/bmd.stm32-for-vscode/@xpack-dev-tools/arm-none-eabi-gcc/12.3.1-1.1.1/.content/bin/../lib/gcc/arm-none-eabi/12.3.1/../../../../arm-none-eabi/lib/thumb/v7e-m+fp/hard\libc_nano.a(libc_a-memset.o)
 .ARM.attributes
                0x000005f3       0x34 c:/users/joshua/appdata/roaming/code/user/globalstorage/bmd.stm32-for-vscode/@xpack-dev-tools/arm-none-eabi-gcc/12.3.1-1.1.1/.content/bin/../lib/gcc/arm-none-eabi/12.3.1/../../../../arm-none-eabi/lib/thumb/v7e-m+fp/hard\libc_nano.a(libc_a-reent.o)
 .ARM.attributes
                0x00000627       0x34 c:/users/joshua/appdata/roaming/code/user/globalstorage/bmd.stm32-for-vscode/@xpack-dev-tools/arm-none-eabi-gcc/12.3.1-1.1.1/.content/bin/../lib/gcc/arm-none-eabi/12.3.1/../../../../arm-none-eabi/lib/thumb/v7e-m+fp/hard\libc_nano.a(libc_a-impure.o)
 .ARM.attributes
                0x0000065b       0x34 c:/users/joshua/appdata/roaming/code/user/globalstorage/bmd.stm32-for-vscode/@xpack-dev-tools/arm-none-eabi-gcc/12.3.1-1.1.1/.content/bin/../lib/gcc/arm-none-eabi/12.3.1/../../../../arm-none-eabi/lib/thumb/v7e-m+fp/hard\libc_nano.a(libc_a-init.o)
 .ARM.attributes
                0x0000068f       0x34 c:/users/joshua/appdata/roaming/code/user/globalstorage/bmd.stm32-for-vscode/@xpack-dev-tools/arm-none-eabi-gcc/12.3.1-1.1.1/.content/bin/../lib/gcc/arm-none-eabi/12.3.1/../../../../arm-none-eabi/lib/thumb/v7e-m+fp/hard\libc_nano.a(libc_a-lock.o)
 .ARM.attributes
                0x000006c3       0x34 c:/users/joshua/appdata/roaming/code/user/globalstorage/bmd.stm32-for-vscode/@xpack-dev-tools/arm-none-eabi-gcc/12.3.1-1.1.1/.content/bin/../lib/gcc/arm-none-eabi/12.3.1/../../../../arm-none-eabi/lib/thumb/v7e-m+fp/hard\libc_nano.a(libc_a-freer.o)
 .ARM.attributes
                0x000006f7       0x34 c:/users/joshua/appdata/roaming/code/user/globalstorage/bmd.stm32-for-vscode/@xpack-dev-tools/arm-none-eabi-gcc/12.3.1-1.1.1/.content/bin/../lib/gcc/arm-none-eabi/12.3.1/../../../../arm-none-eabi/lib/thumb/v7e-m+fp/hard\libc_nano.a(libc_a-mallocr.o)
 .ARM.attributes
                0x0000072b       0x34 c:/users/joshua/appdata/roaming/code/user/globalstorage/bmd.stm32-for-vscode/@xpack-dev-tools/arm-none-eabi-gcc/12.3.1-1.1.1/.content/bin/../lib/gcc/arm-none-eabi/12.3.1/../../../../arm-none-eabi/lib/thumb/v7e-m+fp/hard\libc_nano.a(libc_a-mlock.o)
 .ARM.attributes
                0x0000075f       0x34 c:/users/joshua/appdata/roaming/code/user/globalstorage/bmd.stm32-for-vscode/@xpack-dev-tools/arm-none-eabi-gcc/12.3.1-1.1.1/.content/bin/../lib/gcc/arm-none-eabi/12.3.1/../../../../arm-none-eabi/lib/thumb/v7e-m+fp/hard\libc_nano.a(libc_a-nano-svfprintf.o)
 .ARM.attributes
                0x00000793       0x34 c:/users/joshua/appdata/roaming/code/user/globalstorage/bmd.stm32-for-vscode/@xpack-dev-tools/arm-none-eabi-gcc/12.3.1-1.1.1/.content/bin/../lib/gcc/arm-none-eabi/12.3.1/../../../../arm-none-eabi/lib/thumb/v7e-m+fp/hard\libc_nano.a(libc_a-nano-vfprintf_i.o)
 .ARM.attributes
                0x000007c7       0x34 c:/users/joshua/appdata/roaming/code/user/globalstorage/bmd.stm32-for-vscode/@xpack-dev-tools/arm-none-eabi-gcc/12.3.1-1.1.1/.content/bin/../lib/gcc/arm-none-eabi/12.3.1/../../../../arm-none-eabi/lib/thumb/v7e-m+fp/hard\libc_nano.a(libc_a-memmove.o)
 .ARM.attributes
                0x000007fb       0x34 c:/users/joshua/appdata/roaming/code/user/globalstorage/bmd.stm32-for-vscode/@xpack-dev-tools/arm-none-eabi-gcc/12.3.1-1.1.1/.content/bin/../lib/gcc/arm-none-eabi/12.3.1/../../../../arm-none-eabi/lib/thumb/v7e-m+fp/hard\libc_nano.a(libc_a-sbrkr.o)
 .ARM.attributes
                0x0000082f       0x1c c:/users/joshua/appdata/roaming/code/user/globalstorage/bmd.stm32-for-vscode/@xpack-dev-tools/arm-none-eabi-gcc/12.3.1-1.1.1/.content/bin/../lib/gcc/arm-none-eabi/12.3.1/../../../../arm-none-eabi/lib/thumb/v7e-m+fp/hard\libc_nano.a(libc_a-memchr.o)
 .ARM.attributes
                0x0000084b       0x34 c:/users/joshua/appdata/roaming/code/user/globalstorage/bmd.stm32-for-vscode/@xpack-dev-tools/arm-none-eabi-gcc/12.3.1-1.1.1/.content/bin/../lib/gcc/arm-none-eabi/12.3.1/../../../../arm-none-eabi/lib/thumb/v7e-m+fp/hard\libc_nano.a(libc_a-memcpy-stub.o)
 .ARM.attributes
                0x0000087f       0x34 c:/users/joshua/appdata/roaming/code/user/globalstorage/bmd.stm32-for-vscode/@xpack-dev-tools/arm-none-eabi-gcc/12.3.1-1.1.1/.content/bin/../lib/gcc/arm-none-eabi/12.3.1/../../../../arm-none-eabi/lib/thumb/v7e-m+fp/hard\libc_nano.a(libc_a-reallocr.o)
 .ARM.attributes
                0x000008b3       0x34 c:/users/joshua/appdata/roaming/code/user/globalstorage/bmd.stm32-for-vscode/@xpack-dev-tools/arm-none-eabi-gcc/12.3.1-1.1.1/.content/bin/../lib/gcc/arm-none-eabi/12.3.1/../../../../arm-none-eabi/lib/thumb/v7e-m+fp/hard\libc_nano.a(libc_a-msizer.o)
 .ARM.attributes
                0x000008e7       0x34 c:/users/joshua/appdata/roaming/code/user/globalstorage/bmd.stm32-for-vscode/@xpack-dev-tools/arm-none-eabi-gcc/12.3.1-1.1.1/.content/bin/../lib/gcc/arm-none-eabi/12.3.1/../../../../arm-none-eabi/lib/thumb/v7e-m+fp/hard\libm.a(libm_a-s_round.o)
 .ARM.attributes
                0x0000091b       0x34 c:/users/joshua/appdata/roaming/code/user/globalstorage/bmd.stm32-for-vscode/@xpack-dev-tools/arm-none-eabi-gcc/12.3.1-1.1.1/.content/bin/../lib/gcc/arm-none-eabi/12.3.1/../../../../arm-none-eabi/lib/thumb/v7e-m+fp/hard\libnosys.a(sbrk.o)
 .ARM.attributes
                0x0000094f       0x22 c:/users/joshua/appdata/roaming/code/user/globalstorage/bmd.stm32-for-vscode/@xpack-dev-tools/arm-none-eabi-gcc/12.3.1-1.1.1/.content/bin/../lib/gcc/arm-none-eabi/12.3.1/thumb/v7e-m+fp/hard\libgcc.a(_arm_addsubdf3.o)
 .ARM.attributes
                0x00000971       0x22 c:/users/joshua/appdata/roaming/code/user/globalstorage/bmd.stm32-for-vscode/@xpack-dev-tools/arm-none-eabi-gcc/12.3.1-1.1.1/.content/bin/../lib/gcc/arm-none-eabi/12.3.1/thumb/v7e-m+fp/hard\libgcc.a(_arm_muldivdf3.o)
 .ARM.attributes
                0x00000993       0x22 c:/users/joshua/appdata/roaming/code/user/globalstorage/bmd.stm32-for-vscode/@xpack-dev-tools/arm-none-eabi-gcc/12.3.1-1.1.1/.content/bin/../lib/gcc/arm-none-eabi/12.3.1/thumb/v7e-m+fp/hard\libgcc.a(_arm_fixdfsi.o)
 .ARM.attributes
                0x000009b5       0x22 c:/users/joshua/appdata/roaming/code/user/globalstorage/bmd.stm32-for-vscode/@xpack-dev-tools/arm-none-eabi-gcc/12.3.1-1.1.1/.content/bin/../lib/gcc/arm-none-eabi/12.3.1/thumb/v7e-m+fp/hard\libgcc.a(_arm_fixunsdfsi.o)
 .ARM.attributes
                0x000009d7       0x22 c:/users/joshua/appdata/roaming/code/user/globalstorage/bmd.stm32-for-vscode/@xpack-dev-tools/arm-none-eabi-gcc/12.3.1-1.1.1/.content/bin/../lib/gcc/arm-none-eabi/12.3.1/thumb/v7e-m+fp/hard\libgcc.a(_arm_truncdfsf2.o)
 .ARM.attributes
                0x000009f9       0x22 c:/users/joshua/appdata/roaming/code/user/globalstorage/bmd.stm32-for-vscode/@xpack-dev-tools/arm-none-eabi-gcc/12.3.1-1.1.1/.content/bin/../lib/gcc/arm-none-eabi/12.3.1/thumb/v7e-m+fp/hard\libgcc.a(_aeabi_uldivmod.o)
 .ARM.attributes
                0x00000a1b       0x34 c:/users/joshua/appdata/roaming/code/user/globalstorage/bmd.stm32-for-vscode/@xpack-dev-tools/arm-none-eabi-gcc/12.3.1-1.1.1/.content/bin/../lib/gcc/arm-none-eabi/12.3.1/thumb/v7e-m+fp/hard\libgcc.a(_udivmoddi4.o)
 .ARM.attributes
                0x00000a4f       0x22 c:/users/joshua/appdata/roaming/code/user/globalstorage/bmd.stm32-for-vscode/@xpack-dev-tools/arm-none-eabi-gcc/12.3.1-1.1.1/.content/bin/../lib/gcc/arm-none-eabi/12.3.1/thumb/v7e-m+fp/hard\libgcc.a(_dvmd_tls.o)
 .ARM.attributes
                0x00000a71       0x22 c:/users/joshua/appdata/roaming/code/user/globalstorage/bmd.stm32-for-vscode/@xpack-dev-tools/arm-none-eabi-gcc/12.3.1-1.1.1/.content/bin/../lib/gcc/arm-none-eabi/12.3.1/thumb/v7e-m+fp/hard/crtn.o

MAPPING_TABLE
 *(MAPPING_TABLE)

MB_MEM1
 *(MB_MEM1)
                0x08004e04                        _siMB_MEM2 = LOADADDR (.MB_MEM2)

.MB_MEM2        0x20030000        0x0 load address 0x08004e04
                0x20030000                        _sMB_MEM2 = .
 *(MB_MEM2)
                0x20030000                        _eMB_MEM2 = .
OUTPUT(build/Thermostat.elf elf32-littlearm)
LOAD linker stubs
LOAD c:/users/joshua/appdata/roaming/code/user/globalstorage/bmd.stm32-for-vscode/@xpack-dev-tools/arm-none-eabi-gcc/12.3.1-1.1.1/.content/bin/../lib/gcc/arm-none-eabi/12.3.1/../../../../arm-none-eabi/lib/thumb/v7e-m+fp/hard\libc.a
LOAD c:/users/joshua/appdata/roaming/code/user/globalstorage/bmd.stm32-for-vscode/@xpack-dev-tools/arm-none-eabi-gcc/12.3.1-1.1.1/.content/bin/../lib/gcc/arm-none-eabi/12.3.1/../../../../arm-none-eabi/lib/thumb/v7e-m+fp/hard\libm.a
LOAD c:/users/joshua/appdata/roaming/code/user/globalstorage/bmd.stm32-for-vscode/@xpack-dev-tools/arm-none-eabi-gcc/12.3.1-1.1.1/.content/bin/../lib/gcc/arm-none-eabi/12.3.1/thumb/v7e-m+fp/hard\libgcc.a

.comment        0x00000000       0x39
 .comment       0x00000000       0x39 c:/users/joshua/appdata/roaming/code/user/globalstorage/bmd.stm32-for-vscode/@xpack-dev-tools/arm-none-eabi-gcc/12.3.1-1.1.1/.content/bin/../lib/gcc/arm-none-eabi/12.3.1/thumb/v7e-m+fp/hard/crtbegin.o
                                 0x3a (size before relaxing)
 .comment       0x00000039       0x3a build/gpio.o
 .comment       0x00000039       0x3a build/lcd1602.o
 .comment       0x00000039       0x3a build/main.o
 .comment       0x00000039       0x3a build/memorymap.o
 .comment       0x00000039       0x3a build/stm32wbxx_hal_msp.o
 .comment       0x00000039       0x3a build/stm32wbxx_it.o
 .comment       0x00000039       0x3a build/system_stm32wbxx.o
 .comment       0x00000039       0x3a build/tim.o
 .comment       0x00000039       0x3a build/usart.o
 .comment       0x00000039       0x3a build/usb.o
 .comment       0x00000039       0x3a build/stm32wbxx_hal.o
 .comment       0x00000039       0x3a build/stm32wbxx_hal_cortex.o
 .comment       0x00000039       0x3a build/stm32wbxx_hal_gpio.o
 .comment       0x00000039       0x3a build/stm32wbxx_hal_pcd.o
 .comment       0x00000039       0x3a build/stm32wbxx_hal_pcd_ex.o
 .comment       0x00000039       0x3a build/stm32wbxx_hal_pwr.o
 .comment       0x00000039       0x3a build/stm32wbxx_hal_pwr_ex.o
 .comment       0x00000039       0x3a build/stm32wbxx_hal_rcc.o
 .comment       0x00000039       0x3a build/stm32wbxx_hal_rcc_ex.o
 .comment       0x00000039       0x3a build/stm32wbxx_hal_tim.o
 .comment       0x00000039       0x3a build/stm32wbxx_hal_tim_ex.o
 .comment       0x00000039       0x3a build/stm32wbxx_hal_uart.o
 .comment       0x00000039       0x3a build/stm32wbxx_hal_uart_ex.o
 .comment       0x00000039       0x3a build/stm32wbxx_ll_usb.o
 .comment       0x00000039       0x3a c:/users/joshua/appdata/roaming/code/user/globalstorage/bmd.stm32-for-vscode/@xpack-dev-tools/arm-none-eabi-gcc/12.3.1-1.1.1/.content/bin/../lib/gcc/arm-none-eabi/12.3.1/../../../../arm-none-eabi/lib/thumb/v7e-m+fp/hard\libc_nano.a(libc_a-findfp.o)
 .comment       0x00000039       0x3a c:/users/joshua/appdata/roaming/code/user/globalstorage/bmd.stm32-for-vscode/@xpack-dev-tools/arm-none-eabi-gcc/12.3.1-1.1.1/.content/bin/../lib/gcc/arm-none-eabi/12.3.1/../../../../arm-none-eabi/lib/thumb/v7e-m+fp/hard\libc_nano.a(libc_a-sprintf.o)
 .comment       0x00000039       0x3a c:/users/joshua/appdata/roaming/code/user/globalstorage/bmd.stm32-for-vscode/@xpack-dev-tools/arm-none-eabi-gcc/12.3.1-1.1.1/.content/bin/../lib/gcc/arm-none-eabi/12.3.1/../../../../arm-none-eabi/lib/thumb/v7e-m+fp/hard\libc_nano.a(libc_a-memset.o)
 .comment       0x00000039       0x3a c:/users/joshua/appdata/roaming/code/user/globalstorage/bmd.stm32-for-vscode/@xpack-dev-tools/arm-none-eabi-gcc/12.3.1-1.1.1/.content/bin/../lib/gcc/arm-none-eabi/12.3.1/../../../../arm-none-eabi/lib/thumb/v7e-m+fp/hard\libc_nano.a(libc_a-reent.o)
 .comment       0x00000039       0x3a c:/users/joshua/appdata/roaming/code/user/globalstorage/bmd.stm32-for-vscode/@xpack-dev-tools/arm-none-eabi-gcc/12.3.1-1.1.1/.content/bin/../lib/gcc/arm-none-eabi/12.3.1/../../../../arm-none-eabi/lib/thumb/v7e-m+fp/hard\libc_nano.a(libc_a-impure.o)
 .comment       0x00000039       0x3a c:/users/joshua/appdata/roaming/code/user/globalstorage/bmd.stm32-for-vscode/@xpack-dev-tools/arm-none-eabi-gcc/12.3.1-1.1.1/.content/bin/../lib/gcc/arm-none-eabi/12.3.1/../../../../arm-none-eabi/lib/thumb/v7e-m+fp/hard\libc_nano.a(libc_a-init.o)
 .comment       0x00000039       0x3a c:/users/joshua/appdata/roaming/code/user/globalstorage/bmd.stm32-for-vscode/@xpack-dev-tools/arm-none-eabi-gcc/12.3.1-1.1.1/.content/bin/../lib/gcc/arm-none-eabi/12.3.1/../../../../arm-none-eabi/lib/thumb/v7e-m+fp/hard\libc_nano.a(libc_a-lock.o)
 .comment       0x00000039       0x3a c:/users/joshua/appdata/roaming/code/user/globalstorage/bmd.stm32-for-vscode/@xpack-dev-tools/arm-none-eabi-gcc/12.3.1-1.1.1/.content/bin/../lib/gcc/arm-none-eabi/12.3.1/../../../../arm-none-eabi/lib/thumb/v7e-m+fp/hard\libc_nano.a(libc_a-freer.o)
 .comment       0x00000039       0x3a c:/users/joshua/appdata/roaming/code/user/globalstorage/bmd.stm32-for-vscode/@xpack-dev-tools/arm-none-eabi-gcc/12.3.1-1.1.1/.content/bin/../lib/gcc/arm-none-eabi/12.3.1/../../../../arm-none-eabi/lib/thumb/v7e-m+fp/hard\libc_nano.a(libc_a-mallocr.o)
 .comment       0x00000039       0x3a c:/users/joshua/appdata/roaming/code/user/globalstorage/bmd.stm32-for-vscode/@xpack-dev-tools/arm-none-eabi-gcc/12.3.1-1.1.1/.content/bin/../lib/gcc/arm-none-eabi/12.3.1/../../../../arm-none-eabi/lib/thumb/v7e-m+fp/hard\libc_nano.a(libc_a-mlock.o)
 .comment       0x00000039       0x3a c:/users/joshua/appdata/roaming/code/user/globalstorage/bmd.stm32-for-vscode/@xpack-dev-tools/arm-none-eabi-gcc/12.3.1-1.1.1/.content/bin/../lib/gcc/arm-none-eabi/12.3.1/../../../../arm-none-eabi/lib/thumb/v7e-m+fp/hard\libc_nano.a(libc_a-nano-svfprintf.o)
 .comment       0x00000039       0x3a c:/users/joshua/appdata/roaming/code/user/globalstorage/bmd.stm32-for-vscode/@xpack-dev-tools/arm-none-eabi-gcc/12.3.1-1.1.1/.content/bin/../lib/gcc/arm-none-eabi/12.3.1/../../../../arm-none-eabi/lib/thumb/v7e-m+fp/hard\libc_nano.a(libc_a-nano-vfprintf_i.o)
 .comment       0x00000039       0x3a c:/users/joshua/appdata/roaming/code/user/globalstorage/bmd.stm32-for-vscode/@xpack-dev-tools/arm-none-eabi-gcc/12.3.1-1.1.1/.content/bin/../lib/gcc/arm-none-eabi/12.3.1/../../../../arm-none-eabi/lib/thumb/v7e-m+fp/hard\libc_nano.a(libc_a-memmove.o)
 .comment       0x00000039       0x3a c:/users/joshua/appdata/roaming/code/user/globalstorage/bmd.stm32-for-vscode/@xpack-dev-tools/arm-none-eabi-gcc/12.3.1-1.1.1/.content/bin/../lib/gcc/arm-none-eabi/12.3.1/../../../../arm-none-eabi/lib/thumb/v7e-m+fp/hard\libc_nano.a(libc_a-sbrkr.o)
 .comment       0x00000039       0x3a c:/users/joshua/appdata/roaming/code/user/globalstorage/bmd.stm32-for-vscode/@xpack-dev-tools/arm-none-eabi-gcc/12.3.1-1.1.1/.content/bin/../lib/gcc/arm-none-eabi/12.3.1/../../../../arm-none-eabi/lib/thumb/v7e-m+fp/hard\libc_nano.a(libc_a-memcpy-stub.o)
 .comment       0x00000039       0x3a c:/users/joshua/appdata/roaming/code/user/globalstorage/bmd.stm32-for-vscode/@xpack-dev-tools/arm-none-eabi-gcc/12.3.1-1.1.1/.content/bin/../lib/gcc/arm-none-eabi/12.3.1/../../../../arm-none-eabi/lib/thumb/v7e-m+fp/hard\libc_nano.a(libc_a-reallocr.o)
 .comment       0x00000039       0x3a c:/users/joshua/appdata/roaming/code/user/globalstorage/bmd.stm32-for-vscode/@xpack-dev-tools/arm-none-eabi-gcc/12.3.1-1.1.1/.content/bin/../lib/gcc/arm-none-eabi/12.3.1/../../../../arm-none-eabi/lib/thumb/v7e-m+fp/hard\libc_nano.a(libc_a-msizer.o)
 .comment       0x00000039       0x3a c:/users/joshua/appdata/roaming/code/user/globalstorage/bmd.stm32-for-vscode/@xpack-dev-tools/arm-none-eabi-gcc/12.3.1-1.1.1/.content/bin/../lib/gcc/arm-none-eabi/12.3.1/../../../../arm-none-eabi/lib/thumb/v7e-m+fp/hard\libm.a(libm_a-s_round.o)
 .comment       0x00000039       0x3a c:/users/joshua/appdata/roaming/code/user/globalstorage/bmd.stm32-for-vscode/@xpack-dev-tools/arm-none-eabi-gcc/12.3.1-1.1.1/.content/bin/../lib/gcc/arm-none-eabi/12.3.1/../../../../arm-none-eabi/lib/thumb/v7e-m+fp/hard\libnosys.a(sbrk.o)
 .comment       0x00000039       0x3a c:/users/joshua/appdata/roaming/code/user/globalstorage/bmd.stm32-for-vscode/@xpack-dev-tools/arm-none-eabi-gcc/12.3.1-1.1.1/.content/bin/../lib/gcc/arm-none-eabi/12.3.1/thumb/v7e-m+fp/hard\libgcc.a(_udivmoddi4.o)

.debug_info     0x00000000    0x2296c
 .debug_info    0x00000000      0x953 build/gpio.o
 .debug_info    0x00000953      0xeab build/lcd1602.o
 .debug_info    0x000017fe     0x2073 build/main.o
 .debug_info    0x00003871       0x86 build/memorymap.o
 .debug_info    0x000038f7       0x86 build/stm32wbxx_hal_msp.o
 .debug_info    0x0000397d      0x1a9 build/stm32wbxx_it.o
 .debug_info    0x00003b26      0x71d build/system_stm32wbxx.o
 .debug_info    0x00004243     0x129f build/tim.o
 .debug_info    0x000054e2     0x10b1 build/usart.o
 .debug_info    0x00006593      0xe1d build/usb.o
 .debug_info    0x000073b0     0x1668 build/stm32wbxx_hal.o
 .debug_info    0x00008a18      0xe92 build/stm32wbxx_hal_cortex.o
 .debug_info    0x000098aa      0x6e5 build/stm32wbxx_hal_gpio.o
 .debug_info    0x00009f8f     0x1b91 build/stm32wbxx_hal_pcd.o
 .debug_info    0x0000bb20      0x973 build/stm32wbxx_hal_pcd_ex.o
 .debug_info    0x0000c493      0x9ed build/stm32wbxx_hal_pwr.o
 .debug_info    0x0000ce80     0x138e build/stm32wbxx_hal_pwr_ex.o
 .debug_info    0x0000e20e     0x2120 build/stm32wbxx_hal_rcc.o
 .debug_info    0x0001032e     0x3066 build/stm32wbxx_hal_rcc_ex.o
 .debug_info    0x00013394     0x3ddb build/stm32wbxx_hal_tim.o
 .debug_info    0x0001716f     0x1f1a build/stm32wbxx_hal_tim_ex.o
 .debug_info    0x00019089     0x6360 build/stm32wbxx_hal_uart.o
 .debug_info    0x0001f3e9     0x124a build/stm32wbxx_hal_uart_ex.o
 .debug_info    0x00020633     0x19cb build/stm32wbxx_ll_usb.o
 .debug_info    0x00021ffe       0x30 build/startup_stm32wb55xx_cm4.o
 .debug_info    0x0002202e       0xd3 c:/users/joshua/appdata/roaming/code/user/globalstorage/bmd.stm32-for-vscode/@xpack-dev-tools/arm-none-eabi-gcc/12.3.1-1.1.1/.content/bin/../lib/gcc/arm-none-eabi/12.3.1/thumb/v7e-m+fp/hard\libgcc.a(_arm_addsubdf3.o)
 .debug_info    0x00022101       0x57 c:/users/joshua/appdata/roaming/code/user/globalstorage/bmd.stm32-for-vscode/@xpack-dev-tools/arm-none-eabi-gcc/12.3.1-1.1.1/.content/bin/../lib/gcc/arm-none-eabi/12.3.1/thumb/v7e-m+fp/hard\libgcc.a(_arm_muldivdf3.o)
 .debug_info    0x00022158       0x3c c:/users/joshua/appdata/roaming/code/user/globalstorage/bmd.stm32-for-vscode/@xpack-dev-tools/arm-none-eabi-gcc/12.3.1-1.1.1/.content/bin/../lib/gcc/arm-none-eabi/12.3.1/thumb/v7e-m+fp/hard\libgcc.a(_arm_fixdfsi.o)
 .debug_info    0x00022194       0x3c c:/users/joshua/appdata/roaming/code/user/globalstorage/bmd.stm32-for-vscode/@xpack-dev-tools/arm-none-eabi-gcc/12.3.1-1.1.1/.content/bin/../lib/gcc/arm-none-eabi/12.3.1/thumb/v7e-m+fp/hard\libgcc.a(_arm_fixunsdfsi.o)
 .debug_info    0x000221d0       0x3f c:/users/joshua/appdata/roaming/code/user/globalstorage/bmd.stm32-for-vscode/@xpack-dev-tools/arm-none-eabi-gcc/12.3.1-1.1.1/.content/bin/../lib/gcc/arm-none-eabi/12.3.1/thumb/v7e-m+fp/hard\libgcc.a(_arm_truncdfsf2.o)
 .debug_info    0x0002220f       0x24 c:/users/joshua/appdata/roaming/code/user/globalstorage/bmd.stm32-for-vscode/@xpack-dev-tools/arm-none-eabi-gcc/12.3.1-1.1.1/.content/bin/../lib/gcc/arm-none-eabi/12.3.1/thumb/v7e-m+fp/hard\libgcc.a(_aeabi_uldivmod.o)
 .debug_info    0x00022233      0x6fd c:/users/joshua/appdata/roaming/code/user/globalstorage/bmd.stm32-for-vscode/@xpack-dev-tools/arm-none-eabi-gcc/12.3.1-1.1.1/.content/bin/../lib/gcc/arm-none-eabi/12.3.1/thumb/v7e-m+fp/hard\libgcc.a(_udivmoddi4.o)
 .debug_info    0x00022930       0x3c c:/users/joshua/appdata/roaming/code/user/globalstorage/bmd.stm32-for-vscode/@xpack-dev-tools/arm-none-eabi-gcc/12.3.1-1.1.1/.content/bin/../lib/gcc/arm-none-eabi/12.3.1/thumb/v7e-m+fp/hard\libgcc.a(_dvmd_tls.o)

.debug_abbrev   0x00000000     0x3f2a
 .debug_abbrev  0x00000000      0x1e1 build/gpio.o
 .debug_abbrev  0x000001e1      0x206 build/lcd1602.o
 .debug_abbrev  0x000003e7      0x3d8 build/main.o
 .debug_abbrev  0x000007bf       0x43 build/memorymap.o
 .debug_abbrev  0x00000802       0x43 build/stm32wbxx_hal_msp.o
 .debug_abbrev  0x00000845       0xc6 build/stm32wbxx_it.o
 .debug_abbrev  0x0000090b      0x13f build/system_stm32wbxx.o
 .debug_abbrev  0x00000a4a      0x2c8 build/tim.o
 .debug_abbrev  0x00000d12      0x2a0 build/usart.o
 .debug_abbrev  0x00000fb2      0x29e build/usb.o
 .debug_abbrev  0x00001250      0x3b1 build/stm32wbxx_hal.o
 .debug_abbrev  0x00001601      0x390 build/stm32wbxx_hal_cortex.o
 .debug_abbrev  0x00001991      0x201 build/stm32wbxx_hal_gpio.o
 .debug_abbrev  0x00001b92      0x2e2 build/stm32wbxx_hal_pcd.o
 .debug_abbrev  0x00001e74      0x26d build/stm32wbxx_hal_pcd_ex.o
 .debug_abbrev  0x000020e1      0x233 build/stm32wbxx_hal_pwr.o
 .debug_abbrev  0x00002314      0x369 build/stm32wbxx_hal_pwr_ex.o
 .debug_abbrev  0x0000267d      0x360 build/stm32wbxx_hal_rcc.o
 .debug_abbrev  0x000029dd      0x474 build/stm32wbxx_hal_rcc_ex.o
 .debug_abbrev  0x00002e51      0x270 build/stm32wbxx_hal_tim.o
 .debug_abbrev  0x000030c1      0x281 build/stm32wbxx_hal_tim_ex.o
 .debug_abbrev  0x00003342      0x34e build/stm32wbxx_hal_uart.o
 .debug_abbrev  0x00003690      0x344 build/stm32wbxx_hal_uart_ex.o
 .debug_abbrev  0x000039d4      0x2c6 build/stm32wbxx_ll_usb.o
 .debug_abbrev  0x00003c9a       0x24 build/startup_stm32wb55xx_cm4.o
 .debug_abbrev  0x00003cbe       0x28 c:/users/joshua/appdata/roaming/code/user/globalstorage/bmd.stm32-for-vscode/@xpack-dev-tools/arm-none-eabi-gcc/12.3.1-1.1.1/.content/bin/../lib/gcc/arm-none-eabi/12.3.1/thumb/v7e-m+fp/hard\libgcc.a(_arm_addsubdf3.o)
 .debug_abbrev  0x00003ce6       0x28 c:/users/joshua/appdata/roaming/code/user/globalstorage/bmd.stm32-for-vscode/@xpack-dev-tools/arm-none-eabi-gcc/12.3.1-1.1.1/.content/bin/../lib/gcc/arm-none-eabi/12.3.1/thumb/v7e-m+fp/hard\libgcc.a(_arm_muldivdf3.o)
 .debug_abbrev  0x00003d0e       0x28 c:/users/joshua/appdata/roaming/code/user/globalstorage/bmd.stm32-for-vscode/@xpack-dev-tools/arm-none-eabi-gcc/12.3.1-1.1.1/.content/bin/../lib/gcc/arm-none-eabi/12.3.1/thumb/v7e-m+fp/hard\libgcc.a(_arm_fixdfsi.o)
 .debug_abbrev  0x00003d36       0x28 c:/users/joshua/appdata/roaming/code/user/globalstorage/bmd.stm32-for-vscode/@xpack-dev-tools/arm-none-eabi-gcc/12.3.1-1.1.1/.content/bin/../lib/gcc/arm-none-eabi/12.3.1/thumb/v7e-m+fp/hard\libgcc.a(_arm_fixunsdfsi.o)
 .debug_abbrev  0x00003d5e       0x28 c:/users/joshua/appdata/roaming/code/user/globalstorage/bmd.stm32-for-vscode/@xpack-dev-tools/arm-none-eabi-gcc/12.3.1-1.1.1/.content/bin/../lib/gcc/arm-none-eabi/12.3.1/thumb/v7e-m+fp/hard\libgcc.a(_arm_truncdfsf2.o)
 .debug_abbrev  0x00003d86       0x14 c:/users/joshua/appdata/roaming/code/user/globalstorage/bmd.stm32-for-vscode/@xpack-dev-tools/arm-none-eabi-gcc/12.3.1-1.1.1/.content/bin/../lib/gcc/arm-none-eabi/12.3.1/thumb/v7e-m+fp/hard\libgcc.a(_aeabi_uldivmod.o)
 .debug_abbrev  0x00003d9a      0x16a c:/users/joshua/appdata/roaming/code/user/globalstorage/bmd.stm32-for-vscode/@xpack-dev-tools/arm-none-eabi-gcc/12.3.1-1.1.1/.content/bin/../lib/gcc/arm-none-eabi/12.3.1/thumb/v7e-m+fp/hard\libgcc.a(_udivmoddi4.o)
 .debug_abbrev  0x00003f04       0x26 c:/users/joshua/appdata/roaming/code/user/globalstorage/bmd.stm32-for-vscode/@xpack-dev-tools/arm-none-eabi-gcc/12.3.1-1.1.1/.content/bin/../lib/gcc/arm-none-eabi/12.3.1/thumb/v7e-m+fp/hard\libgcc.a(_dvmd_tls.o)

.debug_loclists
                0x00000000     0xe135
 .debug_loclists
                0x00000000       0x3c build/gpio.o
 .debug_loclists
                0x0000003c      0x1a0 build/lcd1602.o
 .debug_loclists
                0x000001dc       0xb5 build/main.o
 .debug_loclists
                0x00000291       0x90 build/system_stm32wbxx.o
 .debug_loclists
                0x00000321       0x74 build/tim.o
 .debug_loclists
                0x00000395       0x71 build/usart.o
 .debug_loclists
                0x00000406       0x95 build/usb.o
 .debug_loclists
                0x0000049b      0x2a8 build/stm32wbxx_hal.o
 .debug_loclists
                0x00000743      0x403 build/stm32wbxx_hal_cortex.o
 .debug_loclists
                0x00000b46      0x289 build/stm32wbxx_hal_gpio.o
 .debug_loclists
                0x00000dcf      0xd21 build/stm32wbxx_hal_pcd.o
 .debug_loclists
                0x00001af0      0x193 build/stm32wbxx_hal_pcd_ex.o
 .debug_loclists
                0x00001c83      0x176 build/stm32wbxx_hal_pwr.o
 .debug_loclists
                0x00001df9      0x6e1 build/stm32wbxx_hal_pwr_ex.o
 .debug_loclists
                0x000024da      0x8fa build/stm32wbxx_hal_rcc.o
 .debug_loclists
                0x00002dd4     0x1136 build/stm32wbxx_hal_rcc_ex.o
 .debug_loclists
                0x00003f0a     0x364b build/stm32wbxx_hal_tim.o
 .debug_loclists
                0x00007555     0x1749 build/stm32wbxx_hal_tim_ex.o
 .debug_loclists
                0x00008c9e     0x3498 build/stm32wbxx_hal_uart.o
 .debug_loclists
                0x0000c136      0x756 build/stm32wbxx_hal_uart_ex.o
 .debug_loclists
                0x0000c88c      0xf25 build/stm32wbxx_ll_usb.o
 .debug_loclists
                0x0000d7b1      0x984 c:/users/joshua/appdata/roaming/code/user/globalstorage/bmd.stm32-for-vscode/@xpack-dev-tools/arm-none-eabi-gcc/12.3.1-1.1.1/.content/bin/../lib/gcc/arm-none-eabi/12.3.1/thumb/v7e-m+fp/hard\libgcc.a(_udivmoddi4.o)

.debug_aranges  0x00000000     0x1528
 .debug_aranges
                0x00000000       0x20 build/gpio.o
 .debug_aranges
                0x00000020       0x88 build/lcd1602.o
 .debug_aranges
                0x000000a8       0x68 build/main.o
 .debug_aranges
                0x00000110       0x20 build/memorymap.o
 .debug_aranges
                0x00000130       0x20 build/stm32wbxx_hal_msp.o
 .debug_aranges
                0x00000150       0x68 build/stm32wbxx_it.o
 .debug_aranges
                0x000001b8       0x28 build/system_stm32wbxx.o
 .debug_aranges
                0x000001e0       0x40 build/tim.o
 .debug_aranges
                0x00000220       0x30 build/usart.o
 .debug_aranges
                0x00000250       0x30 build/usb.o
 .debug_aranges
                0x00000280      0x158 build/stm32wbxx_hal.o
 .debug_aranges
                0x000003d8       0xd8 build/stm32wbxx_hal_cortex.o
 .debug_aranges
                0x000004b0       0x60 build/stm32wbxx_hal_gpio.o
 .debug_aranges
                0x00000510      0x138 build/stm32wbxx_hal_pcd.o
 .debug_aranges
                0x00000648       0x58 build/stm32wbxx_hal_pcd_ex.o
 .debug_aranges
                0x000006a0       0x98 build/stm32wbxx_hal_pwr.o
 .debug_aranges
                0x00000738      0x1b8 build/stm32wbxx_hal_pwr_ex.o
 .debug_aranges
                0x000008f0       0xa8 build/stm32wbxx_hal_rcc.o
 .debug_aranges
                0x00000998      0x138 build/stm32wbxx_hal_rcc_ex.o
 .debug_aranges
                0x00000ad0      0x3e0 build/stm32wbxx_hal_tim.o
 .debug_aranges
                0x00000eb0      0x190 build/stm32wbxx_hal_tim_ex.o
 .debug_aranges
                0x00001040      0x248 build/stm32wbxx_hal_uart.o
 .debug_aranges
                0x00001288       0xa8 build/stm32wbxx_hal_uart_ex.o
 .debug_aranges
                0x00001330       0xc8 build/stm32wbxx_ll_usb.o
 .debug_aranges
                0x000013f8       0x30 build/startup_stm32wb55xx_cm4.o
 .debug_aranges
                0x00001428       0x20 c:/users/joshua/appdata/roaming/code/user/globalstorage/bmd.stm32-for-vscode/@xpack-dev-tools/arm-none-eabi-gcc/12.3.1-1.1.1/.content/bin/../lib/gcc/arm-none-eabi/12.3.1/thumb/v7e-m+fp/hard\libgcc.a(_arm_addsubdf3.o)
 .debug_aranges
                0x00001448       0x20 c:/users/joshua/appdata/roaming/code/user/globalstorage/bmd.stm32-for-vscode/@xpack-dev-tools/arm-none-eabi-gcc/12.3.1-1.1.1/.content/bin/../lib/gcc/arm-none-eabi/12.3.1/thumb/v7e-m+fp/hard\libgcc.a(_arm_muldivdf3.o)
 .debug_aranges
                0x00001468       0x20 c:/users/joshua/appdata/roaming/code/user/globalstorage/bmd.stm32-for-vscode/@xpack-dev-tools/arm-none-eabi-gcc/12.3.1-1.1.1/.content/bin/../lib/gcc/arm-none-eabi/12.3.1/thumb/v7e-m+fp/hard\libgcc.a(_arm_fixdfsi.o)
 .debug_aranges
                0x00001488       0x20 c:/users/joshua/appdata/roaming/code/user/globalstorage/bmd.stm32-for-vscode/@xpack-dev-tools/arm-none-eabi-gcc/12.3.1-1.1.1/.content/bin/../lib/gcc/arm-none-eabi/12.3.1/thumb/v7e-m+fp/hard\libgcc.a(_arm_fixunsdfsi.o)
 .debug_aranges
                0x000014a8       0x20 c:/users/joshua/appdata/roaming/code/user/globalstorage/bmd.stm32-for-vscode/@xpack-dev-tools/arm-none-eabi-gcc/12.3.1-1.1.1/.content/bin/../lib/gcc/arm-none-eabi/12.3.1/thumb/v7e-m+fp/hard\libgcc.a(_arm_truncdfsf2.o)
 .debug_aranges
                0x000014c8       0x20 c:/users/joshua/appdata/roaming/code/user/globalstorage/bmd.stm32-for-vscode/@xpack-dev-tools/arm-none-eabi-gcc/12.3.1-1.1.1/.content/bin/../lib/gcc/arm-none-eabi/12.3.1/thumb/v7e-m+fp/hard\libgcc.a(_aeabi_uldivmod.o)
 .debug_aranges
                0x000014e8       0x20 c:/users/joshua/appdata/roaming/code/user/globalstorage/bmd.stm32-for-vscode/@xpack-dev-tools/arm-none-eabi-gcc/12.3.1-1.1.1/.content/bin/../lib/gcc/arm-none-eabi/12.3.1/thumb/v7e-m+fp/hard\libgcc.a(_udivmoddi4.o)
 .debug_aranges
                0x00001508       0x20 c:/users/joshua/appdata/roaming/code/user/globalstorage/bmd.stm32-for-vscode/@xpack-dev-tools/arm-none-eabi-gcc/12.3.1-1.1.1/.content/bin/../lib/gcc/arm-none-eabi/12.3.1/thumb/v7e-m+fp/hard\libgcc.a(_dvmd_tls.o)

.debug_rnglists
                0x00000000     0x13d4
 .debug_rnglists
                0x00000000       0x14 build/gpio.o
 .debug_rnglists
                0x00000014       0x61 build/lcd1602.o
 .debug_rnglists
                0x00000075       0x5a build/main.o
 .debug_rnglists
                0x000000cf       0x13 build/memorymap.o
 .debug_rnglists
                0x000000e2       0x13 build/stm32wbxx_hal_msp.o
 .debug_rnglists
                0x000000f5       0x49 build/stm32wbxx_it.o
 .debug_rnglists
                0x0000013e       0x1a build/system_stm32wbxx.o
 .debug_rnglists
                0x00000158       0x2c build/tim.o
 .debug_rnglists
                0x00000184       0x20 build/usart.o
 .debug_rnglists
                0x000001a4       0x20 build/usb.o
 .debug_rnglists
                0x000001c4      0x109 build/stm32wbxx_hal.o
 .debug_rnglists
                0x000002cd       0x9d build/stm32wbxx_hal_cortex.o
 .debug_rnglists
                0x0000036a       0x45 build/stm32wbxx_hal_gpio.o
 .debug_rnglists
                0x000003af      0x166 build/stm32wbxx_hal_pcd.o
 .debug_rnglists
                0x00000515       0x3e build/stm32wbxx_hal_pcd_ex.o
 .debug_rnglists
                0x00000553       0x6e build/stm32wbxx_hal_pwr.o
 .debug_rnglists
                0x000005c1      0x161 build/stm32wbxx_hal_pwr_ex.o
 .debug_rnglists
                0x00000722      0x114 build/stm32wbxx_hal_rcc.o
 .debug_rnglists
                0x00000836      0x272 build/stm32wbxx_hal_rcc_ex.o
 .debug_rnglists
                0x00000aa8      0x30d build/stm32wbxx_hal_tim.o
 .debug_rnglists
                0x00000db5      0x13b build/stm32wbxx_hal_tim_ex.o
 .debug_rnglists
                0x00000ef0      0x1cb build/stm32wbxx_hal_uart.o
 .debug_rnglists
                0x000010bb       0x88 build/stm32wbxx_hal_uart_ex.o
 .debug_rnglists
                0x00001143      0x1d7 build/stm32wbxx_ll_usb.o
 .debug_rnglists
                0x0000131a       0x1f build/startup_stm32wb55xx_cm4.o
 .debug_rnglists
                0x00001339       0x9b c:/users/joshua/appdata/roaming/code/user/globalstorage/bmd.stm32-for-vscode/@xpack-dev-tools/arm-none-eabi-gcc/12.3.1-1.1.1/.content/bin/../lib/gcc/arm-none-eabi/12.3.1/thumb/v7e-m+fp/hard\libgcc.a(_udivmoddi4.o)

.debug_line     0x00000000    0x1b9c4
 .debug_line    0x00000000      0x390 build/gpio.o
 .debug_line    0x00000390      0x631 build/lcd1602.o
 .debug_line    0x000009c1      0xa82 build/main.o
 .debug_line    0x00001443       0x49 build/memorymap.o
 .debug_line    0x0000148c       0x52 build/stm32wbxx_hal_msp.o
 .debug_line    0x000014de      0x310 build/stm32wbxx_it.o
 .debug_line    0x000017ee      0x378 build/system_stm32wbxx.o
 .debug_line    0x00001b66      0x5a0 build/tim.o
 .debug_line    0x00002106      0x479 build/usart.o
 .debug_line    0x0000257f      0x458 build/usb.o
 .debug_line    0x000029d7      0xa8f build/stm32wbxx_hal.o
 .debug_line    0x00003466      0x87a build/stm32wbxx_hal_cortex.o
 .debug_line    0x00003ce0      0x753 build/stm32wbxx_hal_gpio.o
 .debug_line    0x00004433     0x1993 build/stm32wbxx_hal_pcd.o
 .debug_line    0x00005dc6      0x4eb build/stm32wbxx_hal_pcd_ex.o
 .debug_line    0x000062b1      0x564 build/stm32wbxx_hal_pwr.o
 .debug_line    0x00006815      0xe24 build/stm32wbxx_hal_pwr_ex.o
 .debug_line    0x00007639     0x199f build/stm32wbxx_hal_rcc.o
 .debug_line    0x00008fd8     0x256a build/stm32wbxx_hal_rcc_ex.o
 .debug_line    0x0000b542     0x4d83 build/stm32wbxx_hal_tim.o
 .debug_line    0x000102c5     0x20cd build/stm32wbxx_hal_tim_ex.o
 .debug_line    0x00012392     0x6495 build/stm32wbxx_hal_uart.o
 .debug_line    0x00018827      0xd34 build/stm32wbxx_hal_uart_ex.o
 .debug_line    0x0001955b     0x1978 build/stm32wbxx_ll_usb.o
 .debug_line    0x0001aed3       0x7f build/startup_stm32wb55xx_cm4.o
 .debug_line    0x0001af52      0x16f c:/users/joshua/appdata/roaming/code/user/globalstorage/bmd.stm32-for-vscode/@xpack-dev-tools/arm-none-eabi-gcc/12.3.1-1.1.1/.content/bin/../lib/gcc/arm-none-eabi/12.3.1/thumb/v7e-m+fp/hard\libgcc.a(_arm_addsubdf3.o)
 .debug_line    0x0001b0c1      0x184 c:/users/joshua/appdata/roaming/code/user/globalstorage/bmd.stm32-for-vscode/@xpack-dev-tools/arm-none-eabi-gcc/12.3.1-1.1.1/.content/bin/../lib/gcc/arm-none-eabi/12.3.1/thumb/v7e-m+fp/hard\libgcc.a(_arm_muldivdf3.o)
 .debug_line    0x0001b245       0x62 c:/users/joshua/appdata/roaming/code/user/globalstorage/bmd.stm32-for-vscode/@xpack-dev-tools/arm-none-eabi-gcc/12.3.1-1.1.1/.content/bin/../lib/gcc/arm-none-eabi/12.3.1/thumb/v7e-m+fp/hard\libgcc.a(_arm_fixdfsi.o)
 .debug_line    0x0001b2a7       0x5e c:/users/joshua/appdata/roaming/code/user/globalstorage/bmd.stm32-for-vscode/@xpack-dev-tools/arm-none-eabi-gcc/12.3.1-1.1.1/.content/bin/../lib/gcc/arm-none-eabi/12.3.1/thumb/v7e-m+fp/hard\libgcc.a(_arm_fixunsdfsi.o)
 .debug_line    0x0001b305       0x76 c:/users/joshua/appdata/roaming/code/user/globalstorage/bmd.stm32-for-vscode/@xpack-dev-tools/arm-none-eabi-gcc/12.3.1-1.1.1/.content/bin/../lib/gcc/arm-none-eabi/12.3.1/thumb/v7e-m+fp/hard\libgcc.a(_arm_truncdfsf2.o)
 .debug_line    0x0001b37b       0x4e c:/users/joshua/appdata/roaming/code/user/globalstorage/bmd.stm32-for-vscode/@xpack-dev-tools/arm-none-eabi-gcc/12.3.1-1.1.1/.content/bin/../lib/gcc/arm-none-eabi/12.3.1/thumb/v7e-m+fp/hard\libgcc.a(_aeabi_uldivmod.o)
 .debug_line    0x0001b3c9      0x5b1 c:/users/joshua/appdata/roaming/code/user/globalstorage/bmd.stm32-for-vscode/@xpack-dev-tools/arm-none-eabi-gcc/12.3.1-1.1.1/.content/bin/../lib/gcc/arm-none-eabi/12.3.1/thumb/v7e-m+fp/hard\libgcc.a(_udivmoddi4.o)
 .debug_line    0x0001b97a       0x4a c:/users/joshua/appdata/roaming/code/user/globalstorage/bmd.stm32-for-vscode/@xpack-dev-tools/arm-none-eabi-gcc/12.3.1-1.1.1/.content/bin/../lib/gcc/arm-none-eabi/12.3.1/thumb/v7e-m+fp/hard\libgcc.a(_dvmd_tls.o)

.debug_str      0x00000000     0x7cf4
 .debug_str     0x00000000      0x826 build/gpio.o
                                0x900 (size before relaxing)
 .debug_str     0x00000826      0x673 build/lcd1602.o
                                0x905 (size before relaxing)
 .debug_str     0x00000e99      0x6ed build/main.o
                               0x11e9 (size before relaxing)
 .debug_str     0x00001586       0x15 build/memorymap.o
                                0x1a1 (size before relaxing)
 .debug_str     0x0000159b       0x29 build/stm32wbxx_hal_msp.o
                                0x1a3 (size before relaxing)
 .debug_str     0x000015c4       0xe0 build/stm32wbxx_it.o
                                0x26e (size before relaxing)
 .debug_str     0x000016a4      0x102 build/system_stm32wbxx.o
                                0x4c0 (size before relaxing)
 .debug_str     0x000017a6      0x355 build/tim.o
                                0xe62 (size before relaxing)
 .debug_str     0x00001afb      0x2eb build/usart.o
                                0xccf (size before relaxing)
 .debug_str     0x00001de6      0x331 build/usb.o
                                0xa57 (size before relaxing)
 .debug_str     0x00002117      0x97b build/stm32wbxx_hal.o
                               0x124e (size before relaxing)
 .debug_str     0x00002a92      0x40a build/stm32wbxx_hal_cortex.o
                                0xb26 (size before relaxing)
 .debug_str     0x00002e9c       0xed build/stm32wbxx_hal_gpio.o
                                0x488 (size before relaxing)
 .debug_str     0x00002f89      0x54e build/stm32wbxx_hal_pcd.o
                                0xaf8 (size before relaxing)
 .debug_str     0x000034d7      0x183 build/stm32wbxx_hal_pcd_ex.o
                                0x782 (size before relaxing)
 .debug_str     0x0000365a      0x324 build/stm32wbxx_hal_pwr.o
                                0x68e (size before relaxing)
 .debug_str     0x0000397e      0x881 build/stm32wbxx_hal_pwr_ex.o
                                0xd59 (size before relaxing)
 .debug_str     0x000041ff      0x7d5 build/stm32wbxx_hal_rcc.o
                                0xfa3 (size before relaxing)
 .debug_str     0x000049d4      0xb2f build/stm32wbxx_hal_rcc_ex.o
                               0x15b2 (size before relaxing)
 .debug_str     0x00005503      0xe49 build/stm32wbxx_hal_tim.o
                               0x181c (size before relaxing)
 .debug_str     0x0000634c      0x53a build/stm32wbxx_hal_tim_ex.o
                               0x1193 (size before relaxing)
 .debug_str     0x00006886      0x894 build/stm32wbxx_hal_uart.o
                               0x1348 (size before relaxing)
 .debug_str     0x0000711a      0x23f build/stm32wbxx_hal_uart_ex.o
                                0xb6a (size before relaxing)
 .debug_str     0x00007359       0xd5 build/stm32wbxx_ll_usb.o
                                0x683 (size before relaxing)
 .debug_str     0x0000742e       0x36 build/startup_stm32wb55xx_cm4.o
                                 0x81 (size before relaxing)
 .debug_str     0x00007464      0x191 c:/users/joshua/appdata/roaming/code/user/globalstorage/bmd.stm32-for-vscode/@xpack-dev-tools/arm-none-eabi-gcc/12.3.1-1.1.1/.content/bin/../lib/gcc/arm-none-eabi/12.3.1/thumb/v7e-m+fp/hard\libgcc.a(_arm_addsubdf3.o)
                                0x1d1 (size before relaxing)
 .debug_str     0x000075f5       0x12 c:/users/joshua/appdata/roaming/code/user/globalstorage/bmd.stm32-for-vscode/@xpack-dev-tools/arm-none-eabi-gcc/12.3.1-1.1.1/.content/bin/../lib/gcc/arm-none-eabi/12.3.1/thumb/v7e-m+fp/hard\libgcc.a(_arm_muldivdf3.o)
                                0x151 (size before relaxing)
 .debug_str     0x00007607        0xa c:/users/joshua/appdata/roaming/code/user/globalstorage/bmd.stm32-for-vscode/@xpack-dev-tools/arm-none-eabi-gcc/12.3.1-1.1.1/.content/bin/../lib/gcc/arm-none-eabi/12.3.1/thumb/v7e-m+fp/hard\libgcc.a(_arm_fixdfsi.o)
                                0x13c (size before relaxing)
 .debug_str     0x00007611        0xd c:/users/joshua/appdata/roaming/code/user/globalstorage/bmd.stm32-for-vscode/@xpack-dev-tools/arm-none-eabi-gcc/12.3.1-1.1.1/.content/bin/../lib/gcc/arm-none-eabi/12.3.1/thumb/v7e-m+fp/hard\libgcc.a(_arm_fixunsdfsi.o)
                                0x140 (size before relaxing)
 .debug_str     0x0000761e        0xd c:/users/joshua/appdata/roaming/code/user/globalstorage/bmd.stm32-for-vscode/@xpack-dev-tools/arm-none-eabi-gcc/12.3.1-1.1.1/.content/bin/../lib/gcc/arm-none-eabi/12.3.1/thumb/v7e-m+fp/hard\libgcc.a(_arm_truncdfsf2.o)
                                0x13e (size before relaxing)
 .debug_str     0x0000762b       0x6b c:/users/joshua/appdata/roaming/code/user/globalstorage/bmd.stm32-for-vscode/@xpack-dev-tools/arm-none-eabi-gcc/12.3.1-1.1.1/.content/bin/../lib/gcc/arm-none-eabi/12.3.1/thumb/v7e-m+fp/hard\libgcc.a(_aeabi_uldivmod.o)
                                0x120 (size before relaxing)
 .debug_str     0x00007696      0x5d3 c:/users/joshua/appdata/roaming/code/user/globalstorage/bmd.stm32-for-vscode/@xpack-dev-tools/arm-none-eabi-gcc/12.3.1-1.1.1/.content/bin/../lib/gcc/arm-none-eabi/12.3.1/thumb/v7e-m+fp/hard\libgcc.a(_udivmoddi4.o)
                                0x72a (size before relaxing)
 .debug_str     0x00007c69       0x8b c:/users/joshua/appdata/roaming/code/user/globalstorage/bmd.stm32-for-vscode/@xpack-dev-tools/arm-none-eabi-gcc/12.3.1-1.1.1/.content/bin/../lib/gcc/arm-none-eabi/12.3.1/thumb/v7e-m+fp/hard\libgcc.a(_dvmd_tls.o)
                                0x140 (size before relaxing)

.debug_frame    0x00000000     0x33d4
 .debug_frame   0x00000000       0x34 build/gpio.o
 .debug_frame   0x00000034      0x17c build/lcd1602.o
 .debug_frame   0x000001b0      0x11c build/main.o
 .debug_frame   0x000002cc       0x20 build/memorymap.o
 .debug_frame   0x000002ec       0x20 build/stm32wbxx_hal_msp.o
 .debug_frame   0x0000030c       0xc0 build/stm32wbxx_it.o